Archive member included to satisfy reference by file (symbol)

c:/vsarm/armcc/102021~1.10/bin/../lib/gcc/arm-none-eabi/10.3.1/thumb/v6-m/nofp\libgcc.a(_dvmd_tls.o)
                              CMakeFiles/ISM330DHCX_i2c.dir/C_/VSARM/sdk/pico/pico-sdk/src/rp2_common/pico_divider/divider.S.obj (__aeabi_idiv0)
c:/vsarm/armcc/102021~1.10/bin/../lib/gcc/arm-none-eabi/10.3.1/../../../../arm-none-eabi/lib/thumb/v6-m/nofp\libg.a(lib_a-calloc.o)
                              CMakeFiles/ISM330DHCX_i2c.dir/C_/VSARM/sdk/pico/pico-sdk/src/rp2_common/pico_malloc/pico_malloc.c.obj (calloc)
c:/vsarm/armcc/102021~1.10/bin/../lib/gcc/arm-none-eabi/10.3.1/../../../../arm-none-eabi/lib/thumb/v6-m/nofp\libg.a(lib_a-callocr.o)
                              c:/vsarm/armcc/102021~1.10/bin/../lib/gcc/arm-none-eabi/10.3.1/../../../../arm-none-eabi/lib/thumb/v6-m/nofp\libg.a(lib_a-calloc.o) (_calloc_r)
c:/vsarm/armcc/102021~1.10/bin/../lib/gcc/arm-none-eabi/10.3.1/../../../../arm-none-eabi/lib/thumb/v6-m/nofp\libg.a(lib_a-ctype_.o)
                              CMakeFiles/ISM330DHCX_i2c.dir/C_/VSARM/sdk/pico/pico-sdk/lib/tinyusb/src/tusb.c.obj (_ctype_)
c:/vsarm/armcc/102021~1.10/bin/../lib/gcc/arm-none-eabi/10.3.1/../../../../arm-none-eabi/lib/thumb/v6-m/nofp\libg.a(lib_a-errno.o)
                              c:/vsarm/armcc/102021~1.10/bin/../lib/gcc/arm-none-eabi/10.3.1/../../../../arm-none-eabi/lib/thumb/v6-m/nofp\libg.a(lib_a-callocr.o) (__errno)
c:/vsarm/armcc/102021~1.10/bin/../lib/gcc/arm-none-eabi/10.3.1/../../../../arm-none-eabi/lib/thumb/v6-m/nofp\libg.a(lib_a-impure.o)
                              c:/vsarm/armcc/102021~1.10/bin/../lib/gcc/arm-none-eabi/10.3.1/../../../../arm-none-eabi/lib/thumb/v6-m/nofp\libg.a(lib_a-calloc.o) (_impure_ptr)
c:/vsarm/armcc/102021~1.10/bin/../lib/gcc/arm-none-eabi/10.3.1/../../../../arm-none-eabi/lib/thumb/v6-m/nofp\libg.a(lib_a-init.o)
                              c:/vsarm/armcc/102021~1.10/bin/../lib/gcc/arm-none-eabi/10.3.1/../../../../arm-none-eabi/lib/thumb/v6-m/nofp/crt0.o (__libc_init_array)
c:/vsarm/armcc/102021~1.10/bin/../lib/gcc/arm-none-eabi/10.3.1/../../../../arm-none-eabi/lib/thumb/v6-m/nofp\libg.a(lib_a-malloc.o)
                              CMakeFiles/ISM330DHCX_i2c.dir/C_/VSARM/sdk/pico/pico-sdk/src/rp2_common/pico_malloc/pico_malloc.c.obj (malloc)
c:/vsarm/armcc/102021~1.10/bin/../lib/gcc/arm-none-eabi/10.3.1/../../../../arm-none-eabi/lib/thumb/v6-m/nofp\libg.a(lib_a-mallocr.o)
                              c:/vsarm/armcc/102021~1.10/bin/../lib/gcc/arm-none-eabi/10.3.1/../../../../arm-none-eabi/lib/thumb/v6-m/nofp\libg.a(lib_a-callocr.o) (_malloc_r)
c:/vsarm/armcc/102021~1.10/bin/../lib/gcc/arm-none-eabi/10.3.1/../../../../arm-none-eabi/lib/thumb/v6-m/nofp\libg.a(lib_a-mlock.o)
                              c:/vsarm/armcc/102021~1.10/bin/../lib/gcc/arm-none-eabi/10.3.1/../../../../arm-none-eabi/lib/thumb/v6-m/nofp\libg.a(lib_a-mallocr.o) (__malloc_lock)
c:/vsarm/armcc/102021~1.10/bin/../lib/gcc/arm-none-eabi/10.3.1/../../../../arm-none-eabi/lib/thumb/v6-m/nofp\libg.a(lib_a-sbrkr.o)
                              c:/vsarm/armcc/102021~1.10/bin/../lib/gcc/arm-none-eabi/10.3.1/../../../../arm-none-eabi/lib/thumb/v6-m/nofp\libg.a(lib_a-mallocr.o) (_sbrk_r)
c:/vsarm/armcc/102021~1.10/bin/../lib/gcc/arm-none-eabi/10.3.1/../../../../arm-none-eabi/lib/thumb/v6-m/nofp\libg.a(lib_a-strlen-stub.o)
                              CMakeFiles/ISM330DHCX_i2c.dir/C_/VSARM/sdk/pico/pico-sdk/src/rp2_common/pico_stdio/stdio.c.obj (strlen)
c:/vsarm/armcc/102021~1.10/bin/../lib/gcc/arm-none-eabi/10.3.1/../../../../arm-none-eabi/lib/thumb/v6-m/nofp\libg.a(lib_a-freer.o)
                              c:/vsarm/armcc/102021~1.10/bin/../lib/gcc/arm-none-eabi/10.3.1/../../../../arm-none-eabi/lib/thumb/v6-m/nofp\libg.a(lib_a-malloc.o) (_free_r)
c:/vsarm/armcc/102021~1.10/bin/../lib/gcc/arm-none-eabi/10.3.1/../../../../arm-none-eabi/lib/thumb/v6-m/nofp\libg.a(lib_a-lock.o)
                              c:/vsarm/armcc/102021~1.10/bin/../lib/gcc/arm-none-eabi/10.3.1/../../../../arm-none-eabi/lib/thumb/v6-m/nofp\libg.a(lib_a-mlock.o) (__retarget_lock_acquire_recursive)
c:/vsarm/armcc/102021~1.10/bin/../lib/gcc/arm-none-eabi/10.3.1/../../../../arm-none-eabi/lib/thumb/v6-m/nofp\libg.a(lib_a-reent.o)
                              c:/vsarm/armcc/102021~1.10/bin/../lib/gcc/arm-none-eabi/10.3.1/../../../../arm-none-eabi/lib/thumb/v6-m/nofp\libg.a(lib_a-sbrkr.o) (errno)

Discarded input sections

 .text          0x00000000        0x0 c:/vsarm/armcc/102021~1.10/bin/../lib/gcc/arm-none-eabi/10.3.1/thumb/v6-m/nofp/crti.o
 .data          0x00000000        0x0 c:/vsarm/armcc/102021~1.10/bin/../lib/gcc/arm-none-eabi/10.3.1/thumb/v6-m/nofp/crti.o
 .bss           0x00000000        0x0 c:/vsarm/armcc/102021~1.10/bin/../lib/gcc/arm-none-eabi/10.3.1/thumb/v6-m/nofp/crti.o
 .data          0x00000000        0x4 c:/vsarm/armcc/102021~1.10/bin/../lib/gcc/arm-none-eabi/10.3.1/thumb/v6-m/nofp/crtbegin.o
[...]
Memory Configuration

Name             Origin             Length             Attributes
FLASH            0x10000000         0x00200000         xr
RAM              0x20000000         0x00040000         xrw
SCRATCH_X        0x20040000         0x00001000         xrw
SCRATCH_Y        0x20041000         0x00001000         xrw
*default*        0x00000000         0xffffffff

Linker script and memory map

LOAD c:/vsarm/armcc/102021~1.10/bin/../lib/gcc/arm-none-eabi/10.3.1/thumb/v6-m/nofp/crti.o
LOAD c:/vsarm/armcc/102021~1.10/bin/../lib/gcc/arm-none-eabi/10.3.1/thumb/v6-m/nofp/crtbegin.o
LOAD c:/vsarm/armcc/102021~1.10/bin/../lib/gcc/arm-none-eabi/10.3.1/../../../../arm-none-eabi/lib/thumb/v6-m/nofp/crt0.o

.flash_begin    0x10000000        0x0
                0x10000000                __flash_binary_start = .

.boot2          0x10000000      0x100
                0x10000000                __boot2_start__ = .
 *(.boot2)
 .boot2         0x10000000      0x100 C:\Users\X\AppData\Local\Temp\ccOA2LNj.o
                0x10000100                __boot2_end__ = .
                0x00000001                ASSERT (((__boot2_end__ - __boot2_start__) == 0x100), ERROR: Pico second stage bootloader must be 256 bytes in size)

.text           0x10000100     0x8730
                0x10000100                __logical_binary_start = .
 *(.vectors)
 .vectors       0x10000100       0xd4 CMakeFiles/ISM330DHCX_i2c.dir/C_/VSARM/sdk/pico/pico-sdk/src/rp2_common/pico_standard_link/crt0.S.obj
                0x10000100                __VECTOR_TABLE
                0x10000100                __vectors
                0x100001c0                isr_invalid
                0x100001c0                __default_isrs_start
                0x100001c2                isr_nmi
                0x100001c4                isr_hardfault
                0x100001c6                isr_svcall
                0x100001c8                isr_pendsv
                0x100001ca                isr_systick
                0x100001cc                isr_irq23
                0x100001cc                isr_irq18
                0x100001cc                isr_irq11
                0x100001cc                isr_irq28
                0x100001cc                isr_irq19
                0x100001cc                isr_irq0
                0x100001cc                isr_irq6
                0x100001cc                isr_irq5
                0x100001cc                isr_irq12
                0x100001cc                isr_irq22
                0x100001cc                isr_irq31
                0x100001cc                isr_irq17
                0x100001cc                isr_irq27
                0x100001cc                isr_irq30
                0x100001cc                isr_irq2
                0x100001cc                isr_irq10
                0x100001cc                isr_irq8
                0x100001cc                isr_irq24
                0x100001cc                isr_irq1
                0x100001cc                isr_irq7
                0x100001cc                isr_irq21
                0x100001cc                isr_irq20
                0x100001cc                isr_irq15
                0x100001cc                isr_irq25
                0x100001cc                isr_irq13
                0x100001cc                __unhandled_user_irq
                0x100001cc                isr_irq4
                0x100001cc                isr_irq16
                0x100001cc                isr_irq29
                0x100001cc                isr_irq26
                0x100001cc                __default_isrs_end
                0x100001cc                isr_irq3
                0x100001cc                isr_irq14
                0x100001cc                isr_irq9
                0x100001d2                unhandled_user_irq_num_in_r0
 *(.binary_info_header)
 .binary_info_header
                0x100001d4       0x14 CMakeFiles/ISM330DHCX_i2c.dir/C_/VSARM/sdk/pico/pico-sdk/src/rp2_common/pico_standard_link/crt0.S.obj
                0x100001e8                __binary_info_header_end = .
 *(.reset)
 .reset         0x100001e8       0xa8 CMakeFiles/ISM330DHCX_i2c.dir/C_/VSARM/sdk/pico/pico-sdk/src/rp2_common/pico_standard_link/crt0.S.obj
                0x100001e8                _entry_point
                0x10000266                __get_current_exception
 .reset         0x10000290       0x30 CMakeFiles/ISM330DHCX_i2c.dir/C_/VSARM/sdk/pico/pico-sdk/src/rp2_common/pico_standard_link/binary_info.c.obj
 *(.init)
 .init          0x100002c0        0x4 c:/vsarm/armcc/102021~1.10/bin/../lib/gcc/arm-none-eabi/10.3.1/thumb/v6-m/nofp/crti.o
                0x100002c0                _init
 *(EXCLUDE_FILE(*libm.a: *libc.a:*lib_a-mem*.o *libgcc.a:) .text*)
 .text          0x100002c4       0x48 c:/vsarm/armcc/102021~1.10/bin/../lib/gcc/arm-none-eabi/10.3.1/thumb/v6-m/nofp/crtbegin.o
 .text.us_since_boot
                0x1000030c       0x24 CMakeFiles/ISM330DHCX_i2c.dir/main.c.obj
                0x1000030c                us_since_boot
 .text.reg_write
                0x10000330       0x46 CMakeFiles/ISM330DHCX_i2c.dir/main.c.obj
                0x10000330                reg_write
 .text.reg_read
                0x10000376       0x3e CMakeFiles/ISM330DHCX_i2c.dir/main.c.obj
                0x10000376                reg_read
 .text.readIMU  0x100003b4      0x484 CMakeFiles/ISM330DHCX_i2c.dir/main.c.obj
                0x100003b4                readIMU
 .text.setup    0x10000838      0x21c CMakeFiles/ISM330DHCX_i2c.dir/main.c.obj
                0x10000838                setup
 .text.dump     0x10000a54      0x234 CMakeFiles/ISM330DHCX_i2c.dir/main.c.obj
                0x10000a54                dump
 .text.main     0x10000c88       0x90 CMakeFiles/ISM330DHCX_i2c.dir/main.c.obj
                0x10000c88                main
 .text.gpio_set_function
                0x10000d18       0x30 CMakeFiles/ISM330DHCX_i2c.dir/C_/VSARM/sdk/pico/pico-sdk/src/rp2_common/hardware_gpio/gpio.c.obj
                0x10000d18                gpio_set_function
 .text.gpio_init
                0x10000d48       0x16 CMakeFiles/ISM330DHCX_i2c.dir/C_/VSARM/sdk/pico/pico-sdk/src/rp2_common/hardware_gpio/gpio.c.obj
                0x10000d48                gpio_init
 *fill*         0x10000d5e        0x2 
 .text.hw_claim_lock
                0x10000d60       0x18 CMakeFiles/ISM330DHCX_i2c.dir/C_/VSARM/sdk/pico/pico-sdk/src/rp2_common/hardware_claim/claim.c.obj
                0x10000d60                hw_claim_lock
 .text.hw_claim_unlock
                0x10000d78       0x14 CMakeFiles/ISM330DHCX_i2c.dir/C_/VSARM/sdk/pico/pico-sdk/src/rp2_common/hardware_claim/claim.c.obj
                0x10000d78                hw_claim_unlock
 .text.hw_claim_or_assert
                0x10000d8c       0x32 CMakeFiles/ISM330DHCX_i2c.dir/C_/VSARM/sdk/pico/pico-sdk/src/rp2_common/hardware_claim/claim.c.obj
                0x10000d8c                hw_claim_or_assert
 .text.hw_claim_unused_from_range
                0x10000dbe       0x50 CMakeFiles/ISM330DHCX_i2c.dir/C_/VSARM/sdk/pico/pico-sdk/src/rp2_common/hardware_claim/claim.c.obj
                0x10000dbe                hw_claim_unused_from_range
 *fill*         0x10000e0e        0x2 
 .text.running_on_fpga
                0x10000e10       0x14 CMakeFiles/ISM330DHCX_i2c.dir/C_/VSARM/sdk/pico/pico-sdk/src/rp2_common/pico_platform/platform.c.obj
                0x10000e10                running_on_fpga
 .text.spin_locks_reset
                0x10000e24       0x20 CMakeFiles/ISM330DHCX_i2c.dir/C_/VSARM/sdk/pico/pico-sdk/src/rp2_common/hardware_sync/sync.c.obj
                0x10000e24                spin_locks_reset
 .text.next_striped_spin_lock_num
                0x10000e44       0x1c CMakeFiles/ISM330DHCX_i2c.dir/C_/VSARM/sdk/pico/pico-sdk/src/rp2_common/hardware_sync/sync.c.obj
                0x10000e44                next_striped_spin_lock_num
 .text.spin_lock_claim_unused
                0x10000e60       0x20 CMakeFiles/ISM330DHCX_i2c.dir/C_/VSARM/sdk/pico/pico-sdk/src/rp2_common/hardware_sync/sync.c.obj
                0x10000e60                spin_lock_claim_unused
 .text.alarm_pool_post_alloc_init
                0x10000e80       0x40 CMakeFiles/ISM330DHCX_i2c.dir/C_/VSARM/sdk/pico/pico-sdk/src/common/pico_time/time.c.obj
 .text.sleep_until_callback
                0x10000ec0       0x30 CMakeFiles/ISM330DHCX_i2c.dir/C_/VSARM/sdk/pico/pico-sdk/src/common/pico_time/time.c.obj
 .text.timer_pool_entry_comparator
                0x10000ef0       0x7c CMakeFiles/ISM330DHCX_i2c.dir/C_/VSARM/sdk/pico/pico-sdk/src/common/pico_time/time.c.obj
                0x10000ef0                timer_pool_entry_comparator
 .text.ph_add_child_node
                0x10000f6c       0xa4 CMakeFiles/ISM330DHCX_i2c.dir/C_/VSARM/sdk/pico/pico-sdk/src/common/pico_time/time.c.obj
 .text.ph_merge_nodes
                0x10001010       0x3e CMakeFiles/ISM330DHCX_i2c.dir/C_/VSARM/sdk/pico/pico-sdk/src/common/pico_time/time.c.obj
 *fill*         0x1000104e        0x2 
 .text.add_alarm_under_lock
                0x10001050      0x174 CMakeFiles/ISM330DHCX_i2c.dir/C_/VSARM/sdk/pico/pico-sdk/src/common/pico_time/time.c.obj
 .text.alarm_pool_alarm_callback
                0x100011c4      0x328 CMakeFiles/ISM330DHCX_i2c.dir/C_/VSARM/sdk/pico/pico-sdk/src/common/pico_time/time.c.obj
 .text.alarm_pool_init_default
                0x100014ec       0x38 CMakeFiles/ISM330DHCX_i2c.dir/C_/VSARM/sdk/pico/pico-sdk/src/common/pico_time/time.c.obj
                0x100014ec                alarm_pool_init_default
 .text.alarm_pool_get_default
                0x10001524       0x2c CMakeFiles/ISM330DHCX_i2c.dir/C_/VSARM/sdk/pico/pico-sdk/src/common/pico_time/time.c.obj
                0x10001524                alarm_pool_get_default
 .text.alarm_pool_add_alarm_at
                0x10001550      0x170 CMakeFiles/ISM330DHCX_i2c.dir/C_/VSARM/sdk/pico/pico-sdk/src/common/pico_time/time.c.obj
                0x10001550                alarm_pool_add_alarm_at
 .text.alarm_pool_cancel_alarm
                0x100016c0       0xf0 CMakeFiles/ISM330DHCX_i2c.dir/C_/VSARM/sdk/pico/pico-sdk/src/common/pico_time/time.c.obj
                0x100016c0                alarm_pool_cancel_alarm
 .text.sleep_until
                0x100017b0       0xfc CMakeFiles/ISM330DHCX_i2c.dir/C_/VSARM/sdk/pico/pico-sdk/src/common/pico_time/time.c.obj
                0x100017b0                sleep_until
 .text.sleep_us
                0x100018ac       0x58 CMakeFiles/ISM330DHCX_i2c.dir/C_/VSARM/sdk/pico/pico-sdk/src/common/pico_time/time.c.obj
                0x100018ac                sleep_us
 .text.sleep_ms
                0x10001904       0x14 CMakeFiles/ISM330DHCX_i2c.dir/C_/VSARM/sdk/pico/pico-sdk/src/common/pico_time/time.c.obj
                0x10001904                sleep_ms
 .text.best_effort_wfe_or_timeout
                0x10001918       0x80 CMakeFiles/ISM330DHCX_i2c.dir/C_/VSARM/sdk/pico/pico-sdk/src/common/pico_time/time.c.obj
                0x10001918                best_effort_wfe_or_timeout
 .text.hardware_alarm_irq_handler
                0x10001998       0x8c CMakeFiles/ISM330DHCX_i2c.dir/C_/VSARM/sdk/pico/pico-sdk/src/rp2_common/hardware_timer/timer.c.obj
 .text.hardware_alarm_claim
                0x10001a24       0x18 CMakeFiles/ISM330DHCX_i2c.dir/C_/VSARM/sdk/pico/pico-sdk/src/rp2_common/hardware_timer/timer.c.obj
                0x10001a24                hardware_alarm_claim
 .text.time_us_64
                0x10001a3c       0x18 CMakeFiles/ISM330DHCX_i2c.dir/C_/VSARM/sdk/pico/pico-sdk/src/rp2_common/hardware_timer/timer.c.obj
                0x10001a3c                time_us_64
 .text.busy_wait_until
                0x10001a54       0x28 CMakeFiles/ISM330DHCX_i2c.dir/C_/VSARM/sdk/pico/pico-sdk/src/rp2_common/hardware_timer/timer.c.obj
                0x10001a54                busy_wait_until
 .text.hardware_alarm_set_callback
                0x10001a7c       0x90 CMakeFiles/ISM330DHCX_i2c.dir/C_/VSARM/sdk/pico/pico-sdk/src/rp2_common/hardware_timer/timer.c.obj
                0x10001a7c                hardware_alarm_set_callback
 .text.hardware_alarm_set_target
                0x10001b0c       0xe8 CMakeFiles/ISM330DHCX_i2c.dir/C_/VSARM/sdk/pico/pico-sdk/src/rp2_common/hardware_timer/timer.c.obj
                0x10001b0c                hardware_alarm_set_target
 .text.hardware_alarm_cancel
                0x10001bf4       0x40 CMakeFiles/ISM330DHCX_i2c.dir/C_/VSARM/sdk/pico/pico-sdk/src/rp2_common/hardware_timer/timer.c.obj
                0x10001bf4                hardware_alarm_cancel
 .text.lock_init
                0x10001c34       0x10 CMakeFiles/ISM330DHCX_i2c.dir/C_/VSARM/sdk/pico/pico-sdk/src/common/pico_sync/lock_core.c.obj
                0x10001c34                lock_init
 .text.mutex_init
                0x10001c44       0x1a CMakeFiles/ISM330DHCX_i2c.dir/C_/VSARM/sdk/pico/pico-sdk/src/common/pico_sync/mutex.c.obj
                0x10001c44                mutex_init
 .text.recursive_mutex_init
                0x10001c5e       0x1e CMakeFiles/ISM330DHCX_i2c.dir/C_/VSARM/sdk/pico/pico-sdk/src/common/pico_sync/mutex.c.obj
                0x10001c5e                recursive_mutex_init
 .text.critical_section_init_with_lock_num
                0x10001c7c       0x14 CMakeFiles/ISM330DHCX_i2c.dir/C_/VSARM/sdk/pico/pico-sdk/src/common/pico_sync/critical_section.c.obj
                0x10001c7c                critical_section_init_with_lock_num
 .text.critical_section_init
                0x10001c90       0x14 CMakeFiles/ISM330DHCX_i2c.dir/C_/VSARM/sdk/pico/pico-sdk/src/common/pico_sync/critical_section.c.obj
                0x10001c90                critical_section_init
 .text.ph_add_child_node
                0x10001ca4       0xa4 CMakeFiles/ISM330DHCX_i2c.dir/C_/VSARM/sdk/pico/pico-sdk/src/common/pico_util/pheap.c.obj
 .text.ph_merge_nodes
                0x10001d48       0x3e CMakeFiles/ISM330DHCX_i2c.dir/C_/VSARM/sdk/pico/pico-sdk/src/common/pico_util/pheap.c.obj
 *fill*         0x10001d86        0x2 
 .text.ph_clear
                0x10001d88       0x70 CMakeFiles/ISM330DHCX_i2c.dir/C_/VSARM/sdk/pico/pico-sdk/src/common/pico_util/pheap.c.obj
                0x10001d88                ph_clear
 .text.ph_post_alloc_init
                0x10001df8        0xe CMakeFiles/ISM330DHCX_i2c.dir/C_/VSARM/sdk/pico/pico-sdk/src/common/pico_util/pheap.c.obj
                0x10001df8                ph_post_alloc_init
 *fill*         0x10001e06        0x2 
 .text.ph_merge_two_pass
                0x10001e08       0xa8 CMakeFiles/ISM330DHCX_i2c.dir/C_/VSARM/sdk/pico/pico-sdk/src/common/pico_util/pheap.c.obj
                0x10001e08                ph_merge_two_pass
 .text.ph_remove_any_head
                0x10001eb0      0x108 CMakeFiles/ISM330DHCX_i2c.dir/C_/VSARM/sdk/pico/pico-sdk/src/common/pico_util/pheap.c.obj
 .text.ph_remove_head
                0x10001fb8       0x14 CMakeFiles/ISM330DHCX_i2c.dir/C_/VSARM/sdk/pico/pico-sdk/src/common/pico_util/pheap.c.obj
                0x10001fb8                ph_remove_head
 .text.ph_remove_and_free_node
                0x10001fcc       0xf8 CMakeFiles/ISM330DHCX_i2c.dir/C_/VSARM/sdk/pico/pico-sdk/src/common/pico_util/pheap.c.obj
                0x10001fcc                ph_remove_and_free_node
 .text._exit    0x100020c4        0x4 CMakeFiles/ISM330DHCX_i2c.dir/C_/VSARM/sdk/pico/pico-sdk/src/rp2_common/pico_runtime/runtime.c.obj
                0x100020c4                _exit
 .text.exit     0x100020c8        0x6 CMakeFiles/ISM330DHCX_i2c.dir/C_/VSARM/sdk/pico/pico-sdk/src/rp2_common/pico_runtime/runtime.c.obj
                0x100020c8                exit
 *fill*         0x100020ce        0x2 
 .text.__assert_func
                0x100020d0       0x3c CMakeFiles/ISM330DHCX_i2c.dir/C_/VSARM/sdk/pico/pico-sdk/src/rp2_common/pico_runtime/runtime.c.obj
                0x100020d0                __assert_func
 .text.runtime_init
                0x1000210c       0xf8 CMakeFiles/ISM330DHCX_i2c.dir/C_/VSARM/sdk/pico/pico-sdk/src/rp2_common/pico_runtime/runtime.c.obj
                0x1000210c                runtime_init
 .text.panic    0x10002204       0x30 CMakeFiles/ISM330DHCX_i2c.dir/C_/VSARM/sdk/pico/pico-sdk/src/rp2_common/pico_runtime/runtime.c.obj
                0x10002204                panic
 .text.clock_configure
                0x10002234      0x104 CMakeFiles/ISM330DHCX_i2c.dir/C_/VSARM/sdk/pico/pico-sdk/src/rp2_common/hardware_clocks/clocks.c.obj
                0x10002234                clock_configure
 .text.clocks_init
                0x10002338      0x100 CMakeFiles/ISM330DHCX_i2c.dir/C_/VSARM/sdk/pico/pico-sdk/src/rp2_common/hardware_clocks/clocks.c.obj
                0x10002338                clocks_init
 .text.clock_get_hz
                0x10002438        0xc CMakeFiles/ISM330DHCX_i2c.dir/C_/VSARM/sdk/pico/pico-sdk/src/rp2_common/hardware_clocks/clocks.c.obj
                0x10002438                clock_get_hz
 .text.set_raw_irq_handler_and_unlock
                0x10002444       0x28 CMakeFiles/ISM330DHCX_i2c.dir/C_/VSARM/sdk/pico/pico-sdk/src/rp2_common/hardware_irq/irq.c.obj
 .text.make_branch
                0x1000246c       0x34 CMakeFiles/ISM330DHCX_i2c.dir/C_/VSARM/sdk/pico/pico-sdk/src/rp2_common/hardware_irq/irq.c.obj
 .text.insert_branch_and_link
                0x100024a0       0x40 CMakeFiles/ISM330DHCX_i2c.dir/C_/VSARM/sdk/pico/pico-sdk/src/rp2_common/hardware_irq/irq.c.obj
 .text.irq_is_enabled
                0x100024e0       0x18 CMakeFiles/ISM330DHCX_i2c.dir/C_/VSARM/sdk/pico/pico-sdk/src/rp2_common/hardware_irq/irq.c.obj
                0x100024e0                irq_is_enabled
 .text.irq_set_mask_enabled
                0x100024f8       0x20 CMakeFiles/ISM330DHCX_i2c.dir/C_/VSARM/sdk/pico/pico-sdk/src/rp2_common/hardware_irq/irq.c.obj
                0x100024f8                irq_set_mask_enabled
 .text.irq_set_enabled
                0x10002518        0xe CMakeFiles/ISM330DHCX_i2c.dir/C_/VSARM/sdk/pico/pico-sdk/src/rp2_common/hardware_irq/irq.c.obj
                0x10002518                irq_set_enabled
 *fill*         0x10002526        0x2 
 .text.irq_set_pending
                0x10002528       0x10 CMakeFiles/ISM330DHCX_i2c.dir/C_/VSARM/sdk/pico/pico-sdk/src/rp2_common/hardware_irq/irq.c.obj
                0x10002528                irq_set_pending
 .text.irq_get_vtable_handler
                0x10002538       0x10 CMakeFiles/ISM330DHCX_i2c.dir/C_/VSARM/sdk/pico/pico-sdk/src/rp2_common/hardware_irq/irq.c.obj
                0x10002538                irq_get_vtable_handler
 .text.irq_set_exclusive_handler
                0x10002548       0x54 CMakeFiles/ISM330DHCX_i2c.dir/C_/VSARM/sdk/pico/pico-sdk/src/rp2_common/hardware_irq/irq.c.obj
                0x10002548                irq_set_exclusive_handler
 .text.irq_remove_handler
                0x1000259c      0x1ac CMakeFiles/ISM330DHCX_i2c.dir/C_/VSARM/sdk/pico/pico-sdk/src/rp2_common/hardware_irq/irq.c.obj
                0x1000259c                irq_remove_handler
 .text.irq_add_tail_to_free_list
                0x10002748       0xf0 CMakeFiles/ISM330DHCX_i2c.dir/C_/VSARM/sdk/pico/pico-sdk/src/rp2_common/hardware_irq/irq.c.obj
                0x10002748                irq_add_tail_to_free_list
 .text.irq_init_priorities
                0x10002838       0x1c CMakeFiles/ISM330DHCX_i2c.dir/C_/VSARM/sdk/pico/pico-sdk/src/rp2_common/hardware_irq/irq.c.obj
                0x10002838                irq_init_priorities
 .text.pll_init
                0x10002854      0x118 CMakeFiles/ISM330DHCX_i2c.dir/C_/VSARM/sdk/pico/pico-sdk/src/rp2_common/hardware_pll/pll.c.obj
                0x10002854                pll_init
 .text.watchdog_start_tick
                0x1000296c       0x10 CMakeFiles/ISM330DHCX_i2c.dir/C_/VSARM/sdk/pico/pico-sdk/src/rp2_common/hardware_watchdog/watchdog.c.obj
                0x1000296c                watchdog_start_tick
 .text.watchdog_update
                0x1000297c       0x14 CMakeFiles/ISM330DHCX_i2c.dir/C_/VSARM/sdk/pico/pico-sdk/src/rp2_common/hardware_watchdog/watchdog.c.obj
                0x1000297c                watchdog_update
 .text._watchdog_enable
                0x10002990       0x78 CMakeFiles/ISM330DHCX_i2c.dir/C_/VSARM/sdk/pico/pico-sdk/src/rp2_common/hardware_watchdog/watchdog.c.obj
                0x10002990                _watchdog_enable
 .text.watchdog_reboot
                0x10002a08       0x48 CMakeFiles/ISM330DHCX_i2c.dir/C_/VSARM/sdk/pico/pico-sdk/src/rp2_common/hardware_watchdog/watchdog.c.obj
                0x10002a08                watchdog_reboot
 .text.xosc_init
                0x10002a50       0x28 CMakeFiles/ISM330DHCX_i2c.dir/C_/VSARM/sdk/pico/pico-sdk/src/rp2_common/hardware_xosc/xosc.c.obj
                0x10002a50                xosc_init
 .text._out_null
                0x10002a78        0x2 CMakeFiles/ISM330DHCX_i2c.dir/C_/VSARM/sdk/pico/pico-sdk/src/rp2_common/pico_printf/printf.c.obj
 .text._out_fct
                0x10002a7a        0xe CMakeFiles/ISM330DHCX_i2c.dir/C_/VSARM/sdk/pico/pico-sdk/src/rp2_common/pico_printf/printf.c.obj
 .text._atoi    0x10002a88       0x24 CMakeFiles/ISM330DHCX_i2c.dir/C_/VSARM/sdk/pico/pico-sdk/src/rp2_common/pico_printf/printf.c.obj
 .text._out_rev
                0x10002aac       0xae CMakeFiles/ISM330DHCX_i2c.dir/C_/VSARM/sdk/pico/pico-sdk/src/rp2_common/pico_printf/printf.c.obj
 .text._ntoa_format
                0x10002b5a      0x112 CMakeFiles/ISM330DHCX_i2c.dir/C_/VSARM/sdk/pico/pico-sdk/src/rp2_common/pico_printf/printf.c.obj
 .text._ntoa_long
                0x10002c6c       0xbc CMakeFiles/ISM330DHCX_i2c.dir/C_/VSARM/sdk/pico/pico-sdk/src/rp2_common/pico_printf/printf.c.obj
 .text._ntoa_long_long
                0x10002d28       0xe2 CMakeFiles/ISM330DHCX_i2c.dir/C_/VSARM/sdk/pico/pico-sdk/src/rp2_common/pico_printf/printf.c.obj
 *fill*         0x10002e0a        0x2 
 .text._etoa    0x10002e0c      0x414 CMakeFiles/ISM330DHCX_i2c.dir/C_/VSARM/sdk/pico/pico-sdk/src/rp2_common/pico_printf/printf.c.obj
 .text._ftoa    0x10003220      0x354 CMakeFiles/ISM330DHCX_i2c.dir/C_/VSARM/sdk/pico/pico-sdk/src/rp2_common/pico_printf/printf.c.obj
 .text._vsnprintf
                0x10003574      0x624 CMakeFiles/ISM330DHCX_i2c.dir/C_/VSARM/sdk/pico/pico-sdk/src/rp2_common/pico_printf/printf.c.obj
 .text.vfctprintf
                0x10003b98       0x20 CMakeFiles/ISM330DHCX_i2c.dir/C_/VSARM/sdk/pico/pico-sdk/src/rp2_common/pico_printf/printf.c.obj
                0x10003b98                vfctprintf
 .text          0x10003bb8       0x10 CMakeFiles/ISM330DHCX_i2c.dir/C_/VSARM/sdk/pico/pico-sdk/src/rp2_common/pico_bit_ops/bit_ops_aeabi.S.obj
 .text.rom_func_lookup
                0x10003bc8       0x10 CMakeFiles/ISM330DHCX_i2c.dir/C_/VSARM/sdk/pico/pico-sdk/src/rp2_common/pico_bootrom/bootrom.c.obj
                0x10003bc8                rom_func_lookup
 .text.rom_data_lookup
                0x10003bd8       0x10 CMakeFiles/ISM330DHCX_i2c.dir/C_/VSARM/sdk/pico/pico-sdk/src/rp2_common/pico_bootrom/bootrom.c.obj
                0x10003bd8                rom_data_lookup
 .text.rom_funcs_lookup
                0x10003be8       0x36 CMakeFiles/ISM330DHCX_i2c.dir/C_/VSARM/sdk/pico/pico-sdk/src/rp2_common/pico_bootrom/bootrom.c.obj
                0x10003be8                rom_funcs_lookup
 *fill*         0x10003c1e        0x2 
 .text.__wrap___aeabi_idiv
                0x10003c20       0x50 CMakeFiles/ISM330DHCX_i2c.dir/C_/VSARM/sdk/pico/pico-sdk/src/rp2_common/pico_divider/divider.S.obj
                0x10003c20                __wrap___aeabi_idivmod
                0x10003c20                divmod_s32s32
                0x10003c20                div_s32s32
                0x10003c20                __wrap___aeabi_idiv
                0x10003c28                divmod_s32s32_unsafe
                0x10003c54                divmod_s32s32_savestate
 .text.__wrap___aeabi_uidiv
                0x10003c70       0x4c CMakeFiles/ISM330DHCX_i2c.dir/C_/VSARM/sdk/pico/pico-sdk/src/rp2_common/pico_divider/divider.S.obj
                0x10003c70                __wrap___aeabi_uidiv
                0x10003c70                __wrap___aeabi_uidivmod
                0x10003c70                div_u32u32
                0x10003c70                divmod_u32u32
                0x10003c78                divmod_u32u32_unsafe
                0x10003ca0                divmod_u32u32_savestate
 .text.__wrap___aeabi_ldiv
                0x10003cbc      0x434 CMakeFiles/ISM330DHCX_i2c.dir/C_/VSARM/sdk/pico/pico-sdk/src/rp2_common/pico_divider/divider.S.obj
                0x10003cbc                div_s64s64
                0x10003cbc                divmod_s64s64
                0x10003cbc                __wrap___aeabi_ldivmod
                0x10003cf4                divmod_u64u64
                0x10003cf4                div_u64u64
                0x10003cf4                __wrap___aeabi_uldivmod
                0x10003d04                divmod_u64u64_savestate
                0x10003d2c                divmod_s64s64_unsafe
                0x10003db4                divmod_u64u64_unsafe
 .text.push_r8_r11
                0x100040f0        0xc CMakeFiles/ISM330DHCX_i2c.dir/C_/VSARM/sdk/pico/pico-sdk/src/rp2_common/pico_double/double_aeabi.S.obj
                0x100040f0                push_r8_r11
 .text.pop_r8_r11
                0x100040fc        0xc CMakeFiles/ISM330DHCX_i2c.dir/C_/VSARM/sdk/pico/pico-sdk/src/rp2_common/pico_double/double_aeabi.S.obj
                0x100040fc                pop_r8_r11
 .text.__wrap___aeabi_darithmetic
                0x10004108       0x80 CMakeFiles/ISM330DHCX_i2c.dir/C_/VSARM/sdk/pico/pico-sdk/src/rp2_common/pico_double/double_aeabi.S.obj
                0x10004108                __wrap___aeabi_drsub
                0x1000410e                __wrap___aeabi_dsub
                0x10004120                __wrap___aeabi_dadd
                0x10004132                __wrap___aeabi_ddiv
                0x1000416e                __wrap___aeabi_dmul
 .text.__wrap___aeabi_cdcmple
                0x10004188       0x6c CMakeFiles/ISM330DHCX_i2c.dir/C_/VSARM/sdk/pico/pico-sdk/src/rp2_common/pico_double/double_aeabi.S.obj
                0x10004188                __wrap___aeabi_cdrcmple
                0x10004198                __wrap___aeabi_cdcmpeq
                0x10004198                __wrap___aeabi_cdcmple
 .text.__wrap___aeabi_dcmplt
                0x100041f4        0xc CMakeFiles/ISM330DHCX_i2c.dir/C_/VSARM/sdk/pico/pico-sdk/src/rp2_common/pico_double/double_aeabi.S.obj
                0x100041f4                __wrap___aeabi_dcmplt
 .text.__wrap___aeabi_dcmple
                0x10004200       0x10 CMakeFiles/ISM330DHCX_i2c.dir/C_/VSARM/sdk/pico/pico-sdk/src/rp2_common/pico_double/double_aeabi.S.obj
                0x10004200                __wrap___aeabi_dcmple
 .text.__wrap___aeabi_dcmpge
                0x10004210       0x10 CMakeFiles/ISM330DHCX_i2c.dir/C_/VSARM/sdk/pico/pico-sdk/src/rp2_common/pico_double/double_aeabi.S.obj
                0x10004210                __wrap___aeabi_dcmpge
 .text.__wrap___aeabi_dcmpgt
                0x10004220        0xa CMakeFiles/ISM330DHCX_i2c.dir/C_/VSARM/sdk/pico/pico-sdk/src/rp2_common/pico_double/double_aeabi.S.obj
                0x10004220                __wrap___aeabi_dcmpgt
 .text.__wrap___aeabi_dcmpun
                0x1000422a       0x1c CMakeFiles/ISM330DHCX_i2c.dir/C_/VSARM/sdk/pico/pico-sdk/src/rp2_common/pico_double/double_aeabi.S.obj
                0x1000422a                __wrap___aeabi_dcmpun
 *fill*         0x10004246        0x2 
 .text.__wrap___aeabi_i2d
                0x10004248       0x38 CMakeFiles/ISM330DHCX_i2c.dir/C_/VSARM/sdk/pico/pico-sdk/src/rp2_common/pico_double/double_aeabi.S.obj
                0x10004248                __wrap___aeabi_ui2d
                0x10004250                __wrap___aeabi_i2d
 .text.__wrap___aeabi_d2iz
                0x10004280       0x48 CMakeFiles/ISM330DHCX_i2c.dir/C_/VSARM/sdk/pico/pico-sdk/src/rp2_common/pico_double/double_aeabi.S.obj
                0x10004280                double2int_z
                0x10004280                __wrap___aeabi_d2iz
 .text.__wrap___aeabi_d2uiz
                0x100042c8       0x18 CMakeFiles/ISM330DHCX_i2c.dir/C_/VSARM/sdk/pico/pico-sdk/src/rp2_common/pico_double/double_aeabi.S.obj
                0x100042c8                __wrap___aeabi_d2uiz
                0x100042c8                double2uint
 .text.fix642double
                0x100042e0       0x18 CMakeFiles/ISM330DHCX_i2c.dir/C_/VSARM/sdk/pico/pico-sdk/src/rp2_common/pico_double/double_aeabi.S.obj
                0x100042e0                fix642double
 .text.__wrap___aeabi_d2f
                0x100042f8       0x18 CMakeFiles/ISM330DHCX_i2c.dir/C_/VSARM/sdk/pico/pico-sdk/src/rp2_common/pico_double/double_aeabi.S.obj
                0x100042f8                __wrap___aeabi_d2f
 .text.__wrap_sincostan_remainder
                0x10004310       0x14 CMakeFiles/ISM330DHCX_i2c.dir/C_/VSARM/sdk/pico/pico-sdk/src/rp2_common/pico_double/double_aeabi.S.obj
                0x10004310                sincostan_remainder
 .text.__wrap_cos
                0x10004324       0x2c CMakeFiles/ISM330DHCX_i2c.dir/C_/VSARM/sdk/pico/pico-sdk/src/rp2_common/pico_double/double_aeabi.S.obj
                0x10004324                __wrap_cos
 .text.__wrap_sin
                0x10004350       0x2c CMakeFiles/ISM330DHCX_i2c.dir/C_/VSARM/sdk/pico/pico-sdk/src/rp2_common/pico_double/double_aeabi.S.obj
                0x10004350                __wrap_sin
 .text.__wrap_atan2
                0x1000437c       0x18 CMakeFiles/ISM330DHCX_i2c.dir/C_/VSARM/sdk/pico/pico-sdk/src/rp2_common/pico_double/double_aeabi.S.obj
                0x1000437c                __wrap_atan2
 .text.__aeabi_double_init
                0x10004394       0xc8 CMakeFiles/ISM330DHCX_i2c.dir/C_/VSARM/sdk/pico/pico-sdk/src/rp2_common/pico_double/double_init_rom.c.obj
                0x10004394                __aeabi_double_init
 .text.drem_0   0x1000445c      0x130 CMakeFiles/ISM330DHCX_i2c.dir/C_/VSARM/sdk/pico/pico-sdk/src/rp2_common/pico_double/double_math.c.obj
 .text.__wrap_remquo
                0x1000458c      0x17c CMakeFiles/ISM330DHCX_i2c.dir/C_/VSARM/sdk/pico/pico-sdk/src/rp2_common/pico_double/double_math.c.obj
                0x1000458c                __wrap_remquo
 .text.__wrap_remainder
                0x10004708       0x10 CMakeFiles/ISM330DHCX_i2c.dir/C_/VSARM/sdk/pico/pico-sdk/src/rp2_common/pico_double/double_math.c.obj
                0x10004708                __wrap_remainder
 .text.double_table_shim_on_use_helper
                0x10004718       0x34 CMakeFiles/ISM330DHCX_i2c.dir/C_/VSARM/sdk/pico/pico-sdk/src/rp2_common/pico_double/double_v1_rom_shim.S.obj
                0x10004718                double_table_shim_on_use_helper
 .text.__wrap___aeabi_dsub
                0x1000474c       0x10 CMakeFiles/ISM330DHCX_i2c.dir/C_/VSARM/sdk/pico/pico-sdk/src/rp2_common/pico_double/double_v1_rom_shim.S.obj
                0x1000474c                drsub_shim
                0x10004752                dsub_shim
 .text.dadd_shim
                0x1000475c      0x15c CMakeFiles/ISM330DHCX_i2c.dir/C_/VSARM/sdk/pico/pico-sdk/src/rp2_common/pico_double/double_v1_rom_shim.S.obj
                0x1000475c                dadd_shim
 .text.dmul_shim
                0x100048b8      0x15c CMakeFiles/ISM330DHCX_i2c.dir/C_/VSARM/sdk/pico/pico-sdk/src/rp2_common/pico_double/double_v1_rom_shim.S.obj
                0x100048b8                dmul_shim
 .text.ddiv_shim
                0x10004a14      0x1b0 CMakeFiles/ISM330DHCX_i2c.dir/C_/VSARM/sdk/pico/pico-sdk/src/rp2_common/pico_double/double_v1_rom_shim.S.obj
                0x10004a14                ddiv_shim
 .text.dcordic_vec_step
                0x10004bc4        0xe CMakeFiles/ISM330DHCX_i2c.dir/C_/VSARM/sdk/pico/pico-sdk/src/rp2_common/pico_double/double_v1_rom_shim.S.obj
                0x10004bc4                dcordic_vec_step
 .text.dcordic_rot_step
                0x10004bd2       0x76 CMakeFiles/ISM330DHCX_i2c.dir/C_/VSARM/sdk/pico/pico-sdk/src/rp2_common/pico_double/double_v1_rom_shim.S.obj
                0x10004bd2                dcordic_rot_step
 .text.double2uint_shim
                0x10004c48        0xe CMakeFiles/ISM330DHCX_i2c.dir/C_/VSARM/sdk/pico/pico-sdk/src/rp2_common/pico_double/double_v1_rom_shim.S.obj
                0x10004c48                double2uint_shim
                0x10004c4a                double2ufix_shim
 .text.double2int64_shim
                0x10004c56       0x1a CMakeFiles/ISM330DHCX_i2c.dir/C_/VSARM/sdk/pico/pico-sdk/src/rp2_common/pico_double/double_v1_rom_shim.S.obj
                0x10004c56                double2int64_shim
                0x10004c58                double2fix64_shim
 .text.double2uint64_shim
                0x10004c70       0x70 CMakeFiles/ISM330DHCX_i2c.dir/C_/VSARM/sdk/pico/pico-sdk/src/rp2_common/pico_double/double_v1_rom_shim.S.obj
                0x10004c70                double2uint64_shim
                0x10004c72                double2ufix64_shim
                0x10004c92                d2fix_a
 .text.double2float_shim
                0x10004ce0       0x5c CMakeFiles/ISM330DHCX_i2c.dir/C_/VSARM/sdk/pico/pico-sdk/src/rp2_common/pico_double/double_v1_rom_shim.S.obj
                0x10004ce0                double2float_shim
 .text.x2double_shims
                0x10004d3c       0x90 CMakeFiles/ISM330DHCX_i2c.dir/C_/VSARM/sdk/pico/pico-sdk/src/rp2_common/pico_double/double_v1_rom_shim.S.obj
                0x10004d3c                uint2double_shim
                0x10004d3e                ufix2double_shim
                0x10004d44                int2double_shim
                0x10004d46                fix2double_shim
                0x10004d4c                uint642double_shim
                0x10004d4e                ufix642double_shim
                0x10004d54                int642double_shim
                0x10004d56                fix642double_shim
 .text.dunpacks
                0x10004dcc       0x3c CMakeFiles/ISM330DHCX_i2c.dir/C_/VSARM/sdk/pico/pico-sdk/src/rp2_common/pico_double/double_v1_rom_shim.S.obj
                0x10004dcc                dunpacks
 .text.dreduce  0x10004e08       0x82 CMakeFiles/ISM330DHCX_i2c.dir/C_/VSARM/sdk/pico/pico-sdk/src/rp2_common/pico_double/double_v1_rom_shim.S.obj
                0x10004e08                dreduce
 .text.dcos_shim
                0x10004e8a       0x10 CMakeFiles/ISM330DHCX_i2c.dir/C_/VSARM/sdk/pico/pico-sdk/src/rp2_common/pico_double/double_v1_rom_shim.S.obj
                0x10004e8a                dcos_shim
 .text.dsin_shim
                0x10004e9a       0x14 CMakeFiles/ISM330DHCX_i2c.dir/C_/VSARM/sdk/pico/pico-sdk/src/rp2_common/pico_double/double_v1_rom_shim.S.obj
                0x10004e9a                dsin_shim
 *fill*         0x10004eae        0x2 
 .text.dtrig_guts
                0x10004eb0      0x2ec CMakeFiles/ISM330DHCX_i2c.dir/C_/VSARM/sdk/pico/pico-sdk/src/rp2_common/pico_double/double_v1_rom_shim.S.obj
                0x10004f88                datan2_shim
 .text.__aeabi_lmul
                0x1000519c       0x32 CMakeFiles/ISM330DHCX_i2c.dir/C_/VSARM/sdk/pico/pico-sdk/src/rp2_common/pico_int64_ops/pico_int64_ops_aeabi.S.obj
                0x1000519c                __wrap___aeabi_lmul
 *fill*         0x100051ce        0x2 
 .text.__wrap___aeabi_farithmetic
                0x100051d0       0x58 CMakeFiles/ISM330DHCX_i2c.dir/C_/VSARM/sdk/pico/pico-sdk/src/rp2_common/pico_float/float_aeabi.S.obj
                0x100051d0                __wrap___aeabi_frsub
                0x100051d6                __wrap___aeabi_fsub
                0x100051e0                __wrap___aeabi_fadd
                0x100051ea                __wrap___aeabi_fdiv
                0x10005216                __wrap___aeabi_fmul
 .text.__wrap___aeabi_cfcmple
                0x10005228       0x50 CMakeFiles/ISM330DHCX_i2c.dir/C_/VSARM/sdk/pico/pico-sdk/src/rp2_common/pico_float/float_aeabi.S.obj
                0x10005228                __wrap___aeabi_cfrcmple
                0x10005234                __wrap___aeabi_cfcmple
                0x10005234                __wrap___aeabi_cfcmpeq
 .text.__wrap___aeabi_fcmplt
                0x10005278        0xc CMakeFiles/ISM330DHCX_i2c.dir/C_/VSARM/sdk/pico/pico-sdk/src/rp2_common/pico_float/float_aeabi.S.obj
                0x10005278                __wrap___aeabi_fcmplt
 .text.__wrap___aeabi_fcmpgt
                0x10005284        0xa CMakeFiles/ISM330DHCX_i2c.dir/C_/VSARM/sdk/pico/pico-sdk/src/rp2_common/pico_float/float_aeabi.S.obj
                0x10005284                __wrap___aeabi_fcmpgt
 .text.__wrap___aeabi_ui2f
                0x1000528e        0xa CMakeFiles/ISM330DHCX_i2c.dir/C_/VSARM/sdk/pico/pico-sdk/src/rp2_common/pico_float/float_aeabi.S.obj
                0x1000528e                __wrap___aeabi_ui2f
 .text.__wrap___aeabi_i2f
                0x10005298       0x44 CMakeFiles/ISM330DHCX_i2c.dir/C_/VSARM/sdk/pico/pico-sdk/src/rp2_common/pico_float/float_aeabi.S.obj
                0x10005298                __wrap___aeabi_i2f
 .text.__wrap___aeabi_f2iz
                0x100052dc       0x4e CMakeFiles/ISM330DHCX_i2c.dir/C_/VSARM/sdk/pico/pico-sdk/src/rp2_common/pico_float/float_aeabi.S.obj
                0x100052dc                float2int_z
                0x100052dc                __wrap___aeabi_f2iz
 *fill*         0x1000532a        0x2 
 .text.float2int
                0x1000532c       0x14 CMakeFiles/ISM330DHCX_i2c.dir/C_/VSARM/sdk/pico/pico-sdk/src/rp2_common/pico_float/float_aeabi.S.obj
                0x1000532c                float2int
 .text.__wrap___aeabi_f2uiz
                0x10005340       0x10 CMakeFiles/ISM330DHCX_i2c.dir/C_/VSARM/sdk/pico/pico-sdk/src/rp2_common/pico_float/float_aeabi.S.obj
                0x10005340                __wrap___aeabi_f2uiz
 .text.__wrap___aeabi_ul2f
                0x10005350       0x20 CMakeFiles/ISM330DHCX_i2c.dir/C_/VSARM/sdk/pico/pico-sdk/src/rp2_common/pico_float/float_aeabi.S.obj
                0x10005354                __wrap___aeabi_ul2f
 .text.__wrap___aeabi_f2d
                0x10005370       0x14 CMakeFiles/ISM330DHCX_i2c.dir/C_/VSARM/sdk/pico/pico-sdk/src/rp2_common/pico_float/float_aeabi.S.obj
                0x10005370                __wrap___aeabi_f2d
 .text.__aeabi_float_init
                0x10005384       0xfc CMakeFiles/ISM330DHCX_i2c.dir/C_/VSARM/sdk/pico/pico-sdk/src/rp2_common/pico_float/float_init_rom.c.obj
                0x10005384                __aeabi_float_init
 .text.float_table_shim_on_use_helper
                0x10005480       0x34 CMakeFiles/ISM330DHCX_i2c.dir/C_/VSARM/sdk/pico/pico-sdk/src/rp2_common/pico_float/float_v1_rom_shim.S.obj
                0x10005480                float_table_shim_on_use_helper
 .text.642float_shims
                0x100054b4       0x44 CMakeFiles/ISM330DHCX_i2c.dir/C_/VSARM/sdk/pico/pico-sdk/src/rp2_common/pico_float/float_v1_rom_shim.S.obj
                0x100054b4                uint642float_shim
                0x100054b6                ufix642float_shim
                0x100054c6                int642float_shim
                0x100054c8                fix642float_shim
 .text.float232_shims
                0x100054f8       0x18 CMakeFiles/ISM330DHCX_i2c.dir/C_/VSARM/sdk/pico/pico-sdk/src/rp2_common/pico_float/float_v1_rom_shim.S.obj
                0x100054f8                float2int_shim
                0x100054fa                float2fix_shim
 .text.float2double_shim
                0x10005510       0x30 CMakeFiles/ISM330DHCX_i2c.dir/C_/VSARM/sdk/pico/pico-sdk/src/rp2_common/pico_float/float_v1_rom_shim.S.obj
                0x10005510                float2double_shim
 .text          0x10005540       0x10 CMakeFiles/ISM330DHCX_i2c.dir/C_/VSARM/sdk/pico/pico-sdk/src/rp2_common/pico_mem_ops/mem_ops_aeabi.S.obj
                0x10005540                __aeabi_mem_init
 .text.memset   0x10005550        0xc CMakeFiles/ISM330DHCX_i2c.dir/C_/VSARM/sdk/pico/pico-sdk/src/rp2_common/pico_mem_ops/mem_ops_aeabi.S.obj
                0x10005550                __wrap_memset
 .text.memcpy   0x1000555c        0xc CMakeFiles/ISM330DHCX_i2c.dir/C_/VSARM/sdk/pico/pico-sdk/src/rp2_common/pico_mem_ops/mem_ops_aeabi.S.obj
                0x1000555c                __wrap_memcpy
                0x1000555c                __wrap___aeabi_memcpy
 .text.stdio_out_chars_no_crlf
                0x10005568        0xe CMakeFiles/ISM330DHCX_i2c.dir/C_/VSARM/sdk/pico/pico-sdk/src/rp2_common/pico_stdio/stdio.c.obj
 *fill*         0x10005576        0x2 
 .text.stdio_out_chars_crlf
                0x10005578       0x80 CMakeFiles/ISM330DHCX_i2c.dir/C_/VSARM/sdk/pico/pico-sdk/src/rp2_common/pico_stdio/stdio.c.obj
 .text.stdio_stack_buffer_flush
                0x100055f8       0x44 CMakeFiles/ISM330DHCX_i2c.dir/C_/VSARM/sdk/pico/pico-sdk/src/rp2_common/pico_stdio/stdio.c.obj
 .text.stdio_buffered_printer
                0x1000563c       0x20 CMakeFiles/ISM330DHCX_i2c.dir/C_/VSARM/sdk/pico/pico-sdk/src/rp2_common/pico_stdio/stdio.c.obj
 .text.stdout_serialize_begin
                0x1000565c       0x30 CMakeFiles/ISM330DHCX_i2c.dir/C_/VSARM/sdk/pico/pico-sdk/src/rp2_common/pico_stdio/stdio.c.obj
                0x1000565c                stdout_serialize_begin
 .text.stdout_serialize_end
                0x1000568c       0x10 CMakeFiles/ISM330DHCX_i2c.dir/C_/VSARM/sdk/pico/pico-sdk/src/rp2_common/pico_stdio/stdio.c.obj
                0x1000568c                stdout_serialize_end
 .text.stdio_put_string
                0x1000569c       0x98 CMakeFiles/ISM330DHCX_i2c.dir/C_/VSARM/sdk/pico/pico-sdk/src/rp2_common/pico_stdio/stdio.c.obj
 .text.stdio_set_driver_enabled
                0x10005734       0x38 CMakeFiles/ISM330DHCX_i2c.dir/C_/VSARM/sdk/pico/pico-sdk/src/rp2_common/pico_stdio/stdio.c.obj
                0x10005734                stdio_set_driver_enabled
 .text.stdio_flush
                0x1000576c       0x20 CMakeFiles/ISM330DHCX_i2c.dir/C_/VSARM/sdk/pico/pico-sdk/src/rp2_common/pico_stdio/stdio.c.obj
                0x1000576c                stdio_flush
 .text.__wrap_puts
                0x1000578c       0x1e CMakeFiles/ISM330DHCX_i2c.dir/C_/VSARM/sdk/pico/pico-sdk/src/rp2_common/pico_stdio/stdio.c.obj
                0x1000578c                __wrap_puts
 *fill*         0x100057aa        0x2 
 .text.__wrap_vprintf
                0x100057ac       0x44 CMakeFiles/ISM330DHCX_i2c.dir/C_/VSARM/sdk/pico/pico-sdk/src/rp2_common/pico_stdio/stdio.c.obj
                0x100057ac                __wrap_vprintf
 .text.__wrap_printf
                0x100057f0       0x18 CMakeFiles/ISM330DHCX_i2c.dir/C_/VSARM/sdk/pico/pico-sdk/src/rp2_common/pico_stdio/stdio.c.obj
                0x100057f0                __wrap_printf
 .text.stdio_init_all
                0x10005808        0x8 CMakeFiles/ISM330DHCX_i2c.dir/C_/VSARM/sdk/pico/pico-sdk/src/rp2_common/pico_stdio/stdio.c.obj
                0x10005808                stdio_init_all
 .text.resetd_init
                0x10005810        0x2 CMakeFiles/ISM330DHCX_i2c.dir/C_/VSARM/sdk/pico/pico-sdk/src/rp2_common/pico_stdio_usb/reset_interface.c.obj
 *fill*         0x10005812        0x2 
 .text.resetd_reset
                0x10005814        0xc CMakeFiles/ISM330DHCX_i2c.dir/C_/VSARM/sdk/pico/pico-sdk/src/rp2_common/pico_stdio_usb/reset_interface.c.obj
 .text.resetd_open
                0x10005820       0x34 CMakeFiles/ISM330DHCX_i2c.dir/C_/VSARM/sdk/pico/pico-sdk/src/rp2_common/pico_stdio_usb/reset_interface.c.obj
 .text.resetd_xfer_cb
                0x10005854        0x4 CMakeFiles/ISM330DHCX_i2c.dir/C_/VSARM/sdk/pico/pico-sdk/src/rp2_common/pico_stdio_usb/reset_interface.c.obj
 .text.reset_usb_boot
                0x10005858       0x18 CMakeFiles/ISM330DHCX_i2c.dir/C_/VSARM/sdk/pico/pico-sdk/src/rp2_common/pico_stdio_usb/reset_interface.c.obj
 .text.resetd_control_xfer_cb
                0x10005870       0x5c CMakeFiles/ISM330DHCX_i2c.dir/C_/VSARM/sdk/pico/pico-sdk/src/rp2_common/pico_stdio_usb/reset_interface.c.obj
 .text.usbd_app_driver_get_cb
                0x100058cc        0xc CMakeFiles/ISM330DHCX_i2c.dir/C_/VSARM/sdk/pico/pico-sdk/src/rp2_common/pico_stdio_usb/reset_interface.c.obj
                0x100058cc                usbd_app_driver_get_cb
 .text.tud_cdc_line_coding_cb
                0x100058d8       0x28 CMakeFiles/ISM330DHCX_i2c.dir/C_/VSARM/sdk/pico/pico-sdk/src/rp2_common/pico_stdio_usb/reset_interface.c.obj
                0x100058d8                tud_cdc_line_coding_cb
 .text.stdio_usb_in_chars
                0x10005900       0x70 CMakeFiles/ISM330DHCX_i2c.dir/C_/VSARM/sdk/pico/pico-sdk/src/rp2_common/pico_stdio_usb/stdio_usb.c.obj
                0x10005900                stdio_usb_in_chars
 .text.low_priority_worker_irq
                0x10005970       0x20 CMakeFiles/ISM330DHCX_i2c.dir/C_/VSARM/sdk/pico/pico-sdk/src/rp2_common/pico_stdio_usb/stdio_usb.c.obj
 .text.stdio_usb_out_chars
                0x10005990       0xd4 CMakeFiles/ISM330DHCX_i2c.dir/C_/VSARM/sdk/pico/pico-sdk/src/rp2_common/pico_stdio_usb/stdio_usb.c.obj
 .text.timer_task
                0x10005a64       0x10 CMakeFiles/ISM330DHCX_i2c.dir/C_/VSARM/sdk/pico/pico-sdk/src/rp2_common/pico_stdio_usb/stdio_usb.c.obj
 .text.stdio_usb_init
                0x10005a74       0xb8 CMakeFiles/ISM330DHCX_i2c.dir/C_/VSARM/sdk/pico/pico-sdk/src/rp2_common/pico_stdio_usb/stdio_usb.c.obj
                0x10005a74                stdio_usb_init
 .text.tud_descriptor_device_cb
                0x10005b2c        0x8 CMakeFiles/ISM330DHCX_i2c.dir/C_/VSARM/sdk/pico/pico-sdk/src/rp2_common/pico_stdio_usb/stdio_usb_descriptors.c.obj
                0x10005b2c                tud_descriptor_device_cb
 .text.tud_descriptor_configuration_cb
                0x10005b34        0x8 CMakeFiles/ISM330DHCX_i2c.dir/C_/VSARM/sdk/pico/pico-sdk/src/rp2_common/pico_stdio_usb/stdio_usb_descriptors.c.obj
                0x10005b34                tud_descriptor_configuration_cb
 .text.tud_descriptor_string_cb
                0x10005b3c       0x6c CMakeFiles/ISM330DHCX_i2c.dir/C_/VSARM/sdk/pico/pico-sdk/src/rp2_common/pico_stdio_usb/stdio_usb_descriptors.c.obj
                0x10005b3c                tud_descriptor_string_cb
 .text.hw_endpoint_get_by_addr
                0x10005ba8       0x18 CMakeFiles/ISM330DHCX_i2c.dir/C_/VSARM/sdk/pico/pico-sdk/lib/tinyusb/src/portable/raspberrypi/rp2040/dcd_rp2040.c.obj
 .text.reset_ep0_pid
                0x10005bc0       0x28 CMakeFiles/ISM330DHCX_i2c.dir/C_/VSARM/sdk/pico/pico-sdk/lib/tinyusb/src/portable/raspberrypi/rp2040/dcd_rp2040.c.obj
 .text._hw_endpoint_alloc
                0x10005be8       0x70 CMakeFiles/ISM330DHCX_i2c.dir/C_/VSARM/sdk/pico/pico-sdk/lib/tinyusb/src/portable/raspberrypi/rp2040/dcd_rp2040.c.obj
 .text.hw_endpoint_init
                0x10005c58       0x88 CMakeFiles/ISM330DHCX_i2c.dir/C_/VSARM/sdk/pico/pico-sdk/lib/tinyusb/src/portable/raspberrypi/rp2040/dcd_rp2040.c.obj
 .text.reset_non_control_endpoints
                0x10005ce0       0x40 CMakeFiles/ISM330DHCX_i2c.dir/C_/VSARM/sdk/pico/pico-sdk/lib/tinyusb/src/portable/raspberrypi/rp2040/dcd_rp2040.c.obj
 .text.hw_handle_buff_status
                0x10005d20       0x8c CMakeFiles/ISM330DHCX_i2c.dir/C_/VSARM/sdk/pico/pico-sdk/lib/tinyusb/src/portable/raspberrypi/rp2040/dcd_rp2040.c.obj
 .text.dcd_rp2040_irq
                0x10005dac       0xc0 CMakeFiles/ISM330DHCX_i2c.dir/C_/VSARM/sdk/pico/pico-sdk/lib/tinyusb/src/portable/raspberrypi/rp2040/dcd_rp2040.c.obj
 .text.hw_endpoint_xfer
                0x10005e6c       0x14 CMakeFiles/ISM330DHCX_i2c.dir/C_/VSARM/sdk/pico/pico-sdk/lib/tinyusb/src/portable/raspberrypi/rp2040/dcd_rp2040.c.obj
 .text.dcd_int_enable
                0x10005e80       0x2c CMakeFiles/ISM330DHCX_i2c.dir/C_/VSARM/sdk/pico/pico-sdk/lib/tinyusb/src/portable/raspberrypi/rp2040/dcd_rp2040.c.obj
                0x10005e80                dcd_int_enable
 .text.dcd_set_address
                0x10005eac       0x2c CMakeFiles/ISM330DHCX_i2c.dir/C_/VSARM/sdk/pico/pico-sdk/lib/tinyusb/src/portable/raspberrypi/rp2040/dcd_rp2040.c.obj
                0x10005eac                dcd_set_address
 .text.dcd_connect
                0x10005ed8       0x10 CMakeFiles/ISM330DHCX_i2c.dir/C_/VSARM/sdk/pico/pico-sdk/lib/tinyusb/src/portable/raspberrypi/rp2040/dcd_rp2040.c.obj
                0x10005ed8                dcd_connect
 .text.dcd_init
                0x10005ee8       0x7c CMakeFiles/ISM330DHCX_i2c.dir/C_/VSARM/sdk/pico/pico-sdk/lib/tinyusb/src/portable/raspberrypi/rp2040/dcd_rp2040.c.obj
                0x10005ee8                dcd_init
 .text.dcd_edpt0_status_complete
                0x10005f64       0x1c CMakeFiles/ISM330DHCX_i2c.dir/C_/VSARM/sdk/pico/pico-sdk/lib/tinyusb/src/portable/raspberrypi/rp2040/dcd_rp2040.c.obj
                0x10005f64                dcd_edpt0_status_complete
 .text.dcd_edpt_open
                0x10005f80       0x40 CMakeFiles/ISM330DHCX_i2c.dir/C_/VSARM/sdk/pico/pico-sdk/lib/tinyusb/src/portable/raspberrypi/rp2040/dcd_rp2040.c.obj
                0x10005f80                dcd_edpt_open
 .text.dcd_edpt_close_all
                0x10005fc0        0x8 CMakeFiles/ISM330DHCX_i2c.dir/C_/VSARM/sdk/pico/pico-sdk/lib/tinyusb/src/portable/raspberrypi/rp2040/dcd_rp2040.c.obj
                0x10005fc0                dcd_edpt_close_all
 .text.dcd_edpt_xfer
                0x10005fc8       0x30 CMakeFiles/ISM330DHCX_i2c.dir/C_/VSARM/sdk/pico/pico-sdk/lib/tinyusb/src/portable/raspberrypi/rp2040/dcd_rp2040.c.obj
                0x10005fc8                dcd_edpt_xfer
 .text.dcd_edpt_stall
                0x10005ff8       0x2c CMakeFiles/ISM330DHCX_i2c.dir/C_/VSARM/sdk/pico/pico-sdk/lib/tinyusb/src/portable/raspberrypi/rp2040/dcd_rp2040.c.obj
                0x10005ff8                dcd_edpt_stall
 .text.dcd_edpt_clear_stall
                0x10006024       0x20 CMakeFiles/ISM330DHCX_i2c.dir/C_/VSARM/sdk/pico/pico-sdk/lib/tinyusb/src/portable/raspberrypi/rp2040/dcd_rp2040.c.obj
                0x10006024                dcd_edpt_clear_stall
 .text.prepare_ep_buffer
                0x10006044       0x70 CMakeFiles/ISM330DHCX_i2c.dir/C_/VSARM/sdk/pico/pico-sdk/lib/tinyusb/src/portable/raspberrypi/rp2040/rp2040_usb.c.obj
 .text.sync_ep_buffer
                0x100060b4       0x7c CMakeFiles/ISM330DHCX_i2c.dir/C_/VSARM/sdk/pico/pico-sdk/lib/tinyusb/src/portable/raspberrypi/rp2040/rp2040_usb.c.obj
 .text._hw_endpoint_xfer_sync
                0x10006130       0x28 CMakeFiles/ISM330DHCX_i2c.dir/C_/VSARM/sdk/pico/pico-sdk/lib/tinyusb/src/portable/raspberrypi/rp2040/rp2040_usb.c.obj
 .text.rp2040_usb_init
                0x10006158       0x4c CMakeFiles/ISM330DHCX_i2c.dir/C_/VSARM/sdk/pico/pico-sdk/lib/tinyusb/src/portable/raspberrypi/rp2040/rp2040_usb.c.obj
                0x10006158                rp2040_usb_init
 .text.hw_endpoint_reset_transfer
                0x100061a4        0xc CMakeFiles/ISM330DHCX_i2c.dir/C_/VSARM/sdk/pico/pico-sdk/lib/tinyusb/src/portable/raspberrypi/rp2040/rp2040_usb.c.obj
                0x100061a4                hw_endpoint_reset_transfer
 .text._hw_endpoint_buffer_control_update32
                0x100061b0       0x58 CMakeFiles/ISM330DHCX_i2c.dir/C_/VSARM/sdk/pico/pico-sdk/lib/tinyusb/src/portable/raspberrypi/rp2040/rp2040_usb.c.obj
                0x100061b0                _hw_endpoint_buffer_control_update32
 .text._hw_endpoint_start_next_buffer
                0x10006208       0x74 CMakeFiles/ISM330DHCX_i2c.dir/C_/VSARM/sdk/pico/pico-sdk/lib/tinyusb/src/portable/raspberrypi/rp2040/rp2040_usb.c.obj
 .text.hw_endpoint_xfer_start
                0x1000627c       0x48 CMakeFiles/ISM330DHCX_i2c.dir/C_/VSARM/sdk/pico/pico-sdk/lib/tinyusb/src/portable/raspberrypi/rp2040/rp2040_usb.c.obj
                0x1000627c                hw_endpoint_xfer_start
 .text.hw_endpoint_xfer_continue
                0x100062c4       0x38 CMakeFiles/ISM330DHCX_i2c.dir/C_/VSARM/sdk/pico/pico-sdk/lib/tinyusb/src/portable/raspberrypi/rp2040/rp2040_usb.c.obj
                0x100062c4                hw_endpoint_xfer_continue
 .text.configuration_reset
                0x100062fc       0x84 CMakeFiles/ISM330DHCX_i2c.dir/C_/VSARM/sdk/pico/pico-sdk/lib/tinyusb/src/device/usbd.c.obj
 .text.usbd_reset
                0x10006380        0xc CMakeFiles/ISM330DHCX_i2c.dir/C_/VSARM/sdk/pico/pico-sdk/lib/tinyusb/src/device/usbd.c.obj
 .text.invoke_class_control
                0x1000638c       0x1a CMakeFiles/ISM330DHCX_i2c.dir/C_/VSARM/sdk/pico/pico-sdk/lib/tinyusb/src/device/usbd.c.obj
 *fill*         0x100063a6        0x2 
 .text.process_set_config
                0x100063a8      0x1b0 CMakeFiles/ISM330DHCX_i2c.dir/C_/VSARM/sdk/pico/pico-sdk/lib/tinyusb/src/device/usbd.c.obj
 .text.process_get_descriptor
                0x10006558       0xec CMakeFiles/ISM330DHCX_i2c.dir/C_/VSARM/sdk/pico/pico-sdk/lib/tinyusb/src/device/usbd.c.obj
 .text.tud_mounted
                0x10006644       0x10 CMakeFiles/ISM330DHCX_i2c.dir/C_/VSARM/sdk/pico/pico-sdk/lib/tinyusb/src/device/usbd.c.obj
                0x10006644                tud_mounted
 .text.tud_suspended
                0x10006654       0x10 CMakeFiles/ISM330DHCX_i2c.dir/C_/VSARM/sdk/pico/pico-sdk/lib/tinyusb/src/device/usbd.c.obj
                0x10006654                tud_suspended
 .text.tud_inited
                0x10006664        0xc CMakeFiles/ISM330DHCX_i2c.dir/C_/VSARM/sdk/pico/pico-sdk/lib/tinyusb/src/device/usbd.c.obj
                0x10006664                tud_inited
 .text.tud_init
                0x10006670       0xcc CMakeFiles/ISM330DHCX_i2c.dir/C_/VSARM/sdk/pico/pico-sdk/lib/tinyusb/src/device/usbd.c.obj
                0x10006670                tud_init
 .text.dcd_event_handler
                0x1000673c      0x1e0 CMakeFiles/ISM330DHCX_i2c.dir/C_/VSARM/sdk/pico/pico-sdk/lib/tinyusb/src/device/usbd.c.obj
                0x1000673c                dcd_event_handler
 .text.dcd_event_bus_signal
                0x1000691c       0x26 CMakeFiles/ISM330DHCX_i2c.dir/C_/VSARM/sdk/pico/pico-sdk/lib/tinyusb/src/device/usbd.c.obj
                0x1000691c                dcd_event_bus_signal
 .text.dcd_event_bus_reset
                0x10006942       0x2a CMakeFiles/ISM330DHCX_i2c.dir/C_/VSARM/sdk/pico/pico-sdk/lib/tinyusb/src/device/usbd.c.obj
                0x10006942                dcd_event_bus_reset
 .text.dcd_event_setup_received
                0x1000696c       0x34 CMakeFiles/ISM330DHCX_i2c.dir/C_/VSARM/sdk/pico/pico-sdk/lib/tinyusb/src/device/usbd.c.obj
                0x1000696c                dcd_event_setup_received
 .text.dcd_event_xfer_complete
                0x100069a0       0x44 CMakeFiles/ISM330DHCX_i2c.dir/C_/VSARM/sdk/pico/pico-sdk/lib/tinyusb/src/device/usbd.c.obj
                0x100069a0                dcd_event_xfer_complete
 .text.usbd_edpt_open
                0x100069e4       0x58 CMakeFiles/ISM330DHCX_i2c.dir/C_/VSARM/sdk/pico/pico-sdk/lib/tinyusb/src/device/usbd.c.obj
                0x100069e4                usbd_edpt_open
 .text.usbd_open_edpt_pair
                0x10006a3c       0x8c CMakeFiles/ISM330DHCX_i2c.dir/C_/VSARM/sdk/pico/pico-sdk/lib/tinyusb/src/device/usbd.c.obj
                0x10006a3c                usbd_open_edpt_pair
 .text.usbd_edpt_claim
                0x10006ac8       0x8c CMakeFiles/ISM330DHCX_i2c.dir/C_/VSARM/sdk/pico/pico-sdk/lib/tinyusb/src/device/usbd.c.obj
                0x10006ac8                usbd_edpt_claim
 .text.usbd_edpt_release
                0x10006b54       0x68 CMakeFiles/ISM330DHCX_i2c.dir/C_/VSARM/sdk/pico/pico-sdk/lib/tinyusb/src/device/usbd.c.obj
                0x10006b54                usbd_edpt_release
 .text.usbd_edpt_xfer
                0x10006bbc       0x80 CMakeFiles/ISM330DHCX_i2c.dir/C_/VSARM/sdk/pico/pico-sdk/lib/tinyusb/src/device/usbd.c.obj
                0x10006bbc                usbd_edpt_xfer
 .text.usbd_edpt_stall
                0x10006c3c       0x40 CMakeFiles/ISM330DHCX_i2c.dir/C_/VSARM/sdk/pico/pico-sdk/lib/tinyusb/src/device/usbd.c.obj
                0x10006c3c                usbd_edpt_stall
 .text.usbd_edpt_clear_stall
                0x10006c7c       0x40 CMakeFiles/ISM330DHCX_i2c.dir/C_/VSARM/sdk/pico/pico-sdk/lib/tinyusb/src/device/usbd.c.obj
                0x10006c7c                usbd_edpt_clear_stall
 .text.usbd_edpt_stalled
                0x10006cbc       0x1c CMakeFiles/ISM330DHCX_i2c.dir/C_/VSARM/sdk/pico/pico-sdk/lib/tinyusb/src/device/usbd.c.obj
                0x10006cbc                usbd_edpt_stalled
 .text.process_control_request
                0x10006cd8      0x3b8 CMakeFiles/ISM330DHCX_i2c.dir/C_/VSARM/sdk/pico/pico-sdk/lib/tinyusb/src/device/usbd.c.obj
 .text.tud_task
                0x10007090      0x218 CMakeFiles/ISM330DHCX_i2c.dir/C_/VSARM/sdk/pico/pico-sdk/lib/tinyusb/src/device/usbd.c.obj
                0x10007090                tud_task
 .text._data_stage_xact
                0x100072a8       0x58 CMakeFiles/ISM330DHCX_i2c.dir/C_/VSARM/sdk/pico/pico-sdk/lib/tinyusb/src/device/usbd_control.c.obj
 .text.tud_control_status
                0x10007300       0x38 CMakeFiles/ISM330DHCX_i2c.dir/C_/VSARM/sdk/pico/pico-sdk/lib/tinyusb/src/device/usbd_control.c.obj
                0x10007300                tud_control_status
 .text.tud_control_xfer
                0x10007338       0xa8 CMakeFiles/ISM330DHCX_i2c.dir/C_/VSARM/sdk/pico/pico-sdk/lib/tinyusb/src/device/usbd_control.c.obj
                0x10007338                tud_control_xfer
 .text.usbd_control_reset
                0x100073e0       0x14 CMakeFiles/ISM330DHCX_i2c.dir/C_/VSARM/sdk/pico/pico-sdk/lib/tinyusb/src/device/usbd_control.c.obj
                0x100073e0                usbd_control_reset
 .text.usbd_control_set_complete_callback
                0x100073f4        0xc CMakeFiles/ISM330DHCX_i2c.dir/C_/VSARM/sdk/pico/pico-sdk/lib/tinyusb/src/device/usbd_control.c.obj
                0x100073f4                usbd_control_set_complete_callback
 .text.usbd_control_set_request
                0x10007400       0x1c CMakeFiles/ISM330DHCX_i2c.dir/C_/VSARM/sdk/pico/pico-sdk/lib/tinyusb/src/device/usbd_control.c.obj
                0x10007400                usbd_control_set_request
 .text.usbd_control_xfer_cb
                0x1000741c       0xfc CMakeFiles/ISM330DHCX_i2c.dir/C_/VSARM/sdk/pico/pico-sdk/lib/tinyusb/src/device/usbd_control.c.obj
                0x1000741c                usbd_control_xfer_cb
 .text._prep_out_transaction
                0x10007518       0x46 CMakeFiles/ISM330DHCX_i2c.dir/C_/VSARM/sdk/pico/pico-sdk/lib/tinyusb/src/class/cdc/cdc_device.c.obj
 *fill*         0x1000755e        0x2 
 .text.tud_cdc_n_connected
                0x10007560       0x44 CMakeFiles/ISM330DHCX_i2c.dir/C_/VSARM/sdk/pico/pico-sdk/lib/tinyusb/src/class/cdc/cdc_device.c.obj
                0x10007560                tud_cdc_n_connected
 .text.tud_cdc_n_available
                0x100075a4       0x18 CMakeFiles/ISM330DHCX_i2c.dir/C_/VSARM/sdk/pico/pico-sdk/lib/tinyusb/src/class/cdc/cdc_device.c.obj
                0x100075a4                tud_cdc_n_available
 .text.tud_cdc_n_read
                0x100075bc       0x28 CMakeFiles/ISM330DHCX_i2c.dir/C_/VSARM/sdk/pico/pico-sdk/lib/tinyusb/src/class/cdc/cdc_device.c.obj
                0x100075bc                tud_cdc_n_read
 .text.tud_cdc_n_write_flush
                0x100075e4       0xcc CMakeFiles/ISM330DHCX_i2c.dir/C_/VSARM/sdk/pico/pico-sdk/lib/tinyusb/src/class/cdc/cdc_device.c.obj
                0x100075e4                tud_cdc_n_write_flush
 .text.tud_cdc_n_write
                0x100076b0       0x38 CMakeFiles/ISM330DHCX_i2c.dir/C_/VSARM/sdk/pico/pico-sdk/lib/tinyusb/src/class/cdc/cdc_device.c.obj
                0x100076b0                tud_cdc_n_write
 .text.tud_cdc_n_write_available
                0x100076e8       0x1c CMakeFiles/ISM330DHCX_i2c.dir/C_/VSARM/sdk/pico/pico-sdk/lib/tinyusb/src/class/cdc/cdc_device.c.obj
                0x100076e8                tud_cdc_n_write_available
 .text.cdcd_init
                0x10007704       0xbc CMakeFiles/ISM330DHCX_i2c.dir/C_/VSARM/sdk/pico/pico-sdk/lib/tinyusb/src/class/cdc/cdc_device.c.obj
                0x10007704                cdcd_init
 .text.cdcd_reset
                0x100077c0       0x44 CMakeFiles/ISM330DHCX_i2c.dir/C_/VSARM/sdk/pico/pico-sdk/lib/tinyusb/src/class/cdc/cdc_device.c.obj
                0x100077c0                cdcd_reset
 .text.cdcd_open
                0x10007804       0xf8 CMakeFiles/ISM330DHCX_i2c.dir/C_/VSARM/sdk/pico/pico-sdk/lib/tinyusb/src/class/cdc/cdc_device.c.obj
                0x10007804                cdcd_open
 .text.cdcd_control_xfer_cb
                0x100078fc      0x134 CMakeFiles/ISM330DHCX_i2c.dir/C_/VSARM/sdk/pico/pico-sdk/lib/tinyusb/src/class/cdc/cdc_device.c.obj
                0x100078fc                cdcd_control_xfer_cb
 .text.cdcd_xfer_cb
                0x10007a30      0x144 CMakeFiles/ISM330DHCX_i2c.dir/C_/VSARM/sdk/pico/pico-sdk/lib/tinyusb/src/class/cdc/cdc_device.c.obj
                0x10007a30                cdcd_xfer_cb
 .text.tusb_init
                0x10007b74       0x24 CMakeFiles/ISM330DHCX_i2c.dir/C_/VSARM/sdk/pico/pico-sdk/lib/tinyusb/src/tusb.c.obj
                0x10007b74                tusb_init
 .text.tusb_inited
                0x10007b98        0xe CMakeFiles/ISM330DHCX_i2c.dir/C_/VSARM/sdk/pico/pico-sdk/lib/tinyusb/src/tusb.c.obj
                0x10007b98                tusb_inited
 *fill*         0x10007ba6        0x2 
 .text.tu_edpt_validate
                0x10007ba8       0xa8 CMakeFiles/ISM330DHCX_i2c.dir/C_/VSARM/sdk/pico/pico-sdk/lib/tinyusb/src/tusb.c.obj
                0x10007ba8                tu_edpt_validate
 .text.tu_edpt_bind_driver
                0x10007c50       0x2a CMakeFiles/ISM330DHCX_i2c.dir/C_/VSARM/sdk/pico/pico-sdk/lib/tinyusb/src/tusb.c.obj
                0x10007c50                tu_edpt_bind_driver
 .text.advance_pointer
                0x10007c7a       0x18 CMakeFiles/ISM330DHCX_i2c.dir/C_/VSARM/sdk/pico/pico-sdk/lib/tinyusb/src/common/tusb_fifo.c.obj
 .text.backward_pointer
                0x10007c92       0x1e CMakeFiles/ISM330DHCX_i2c.dir/C_/VSARM/sdk/pico/pico-sdk/lib/tinyusb/src/common/tusb_fifo.c.obj
 .text.get_relative_pointer
                0x10007cb0       0x10 CMakeFiles/ISM330DHCX_i2c.dir/C_/VSARM/sdk/pico/pico-sdk/lib/tinyusb/src/common/tusb_fifo.c.obj
 .text._tu_fifo_peek
                0x10007cc0       0x50 CMakeFiles/ISM330DHCX_i2c.dir/C_/VSARM/sdk/pico/pico-sdk/lib/tinyusb/src/common/tusb_fifo.c.obj
 .text._ff_pull_const_addr
                0x10007d10       0x4c CMakeFiles/ISM330DHCX_i2c.dir/C_/VSARM/sdk/pico/pico-sdk/lib/tinyusb/src/common/tusb_fifo.c.obj
 .text._ff_pull_n
                0x10007d5c      0x10c CMakeFiles/ISM330DHCX_i2c.dir/C_/VSARM/sdk/pico/pico-sdk/lib/tinyusb/src/common/tusb_fifo.c.obj
 .text._tu_fifo_peek_n
                0x10007e68       0x5e CMakeFiles/ISM330DHCX_i2c.dir/C_/VSARM/sdk/pico/pico-sdk/lib/tinyusb/src/common/tusb_fifo.c.obj
 .text._tu_fifo_read_n
                0x10007ec6       0x4e CMakeFiles/ISM330DHCX_i2c.dir/C_/VSARM/sdk/pico/pico-sdk/lib/tinyusb/src/common/tusb_fifo.c.obj
 .text._ff_push_const_addr
                0x10007f14       0x40 CMakeFiles/ISM330DHCX_i2c.dir/C_/VSARM/sdk/pico/pico-sdk/lib/tinyusb/src/common/tusb_fifo.c.obj
 .text._ff_push_n
                0x10007f54      0x108 CMakeFiles/ISM330DHCX_i2c.dir/C_/VSARM/sdk/pico/pico-sdk/lib/tinyusb/src/common/tusb_fifo.c.obj
 .text._tu_fifo_write_n
                0x1000805c       0x9e CMakeFiles/ISM330DHCX_i2c.dir/C_/VSARM/sdk/pico/pico-sdk/lib/tinyusb/src/common/tusb_fifo.c.obj
 .text.tu_fifo_config
                0x100080fa       0x72 CMakeFiles/ISM330DHCX_i2c.dir/C_/VSARM/sdk/pico/pico-sdk/lib/tinyusb/src/common/tusb_fifo.c.obj
                0x100080fa                tu_fifo_config
 .text.tu_fifo_count
                0x1000816c       0x26 CMakeFiles/ISM330DHCX_i2c.dir/C_/VSARM/sdk/pico/pico-sdk/lib/tinyusb/src/common/tusb_fifo.c.obj
                0x1000816c                tu_fifo_count
 .text.tu_fifo_empty
                0x10008192       0x10 CMakeFiles/ISM330DHCX_i2c.dir/C_/VSARM/sdk/pico/pico-sdk/lib/tinyusb/src/common/tusb_fifo.c.obj
                0x10008192                tu_fifo_empty
 .text.tu_fifo_remaining
                0x100081a2       0x20 CMakeFiles/ISM330DHCX_i2c.dir/C_/VSARM/sdk/pico/pico-sdk/lib/tinyusb/src/common/tusb_fifo.c.obj
                0x100081a2                tu_fifo_remaining
 .text.tu_fifo_read
                0x100081c2       0x42 CMakeFiles/ISM330DHCX_i2c.dir/C_/VSARM/sdk/pico/pico-sdk/lib/tinyusb/src/common/tusb_fifo.c.obj
                0x100081c2                tu_fifo_read
 .text.tu_fifo_read_n
                0x10008204        0xa CMakeFiles/ISM330DHCX_i2c.dir/C_/VSARM/sdk/pico/pico-sdk/lib/tinyusb/src/common/tusb_fifo.c.obj
                0x10008204                tu_fifo_read_n
 .text.tu_fifo_write
                0x1000820e       0x6c CMakeFiles/ISM330DHCX_i2c.dir/C_/VSARM/sdk/pico/pico-sdk/lib/tinyusb/src/common/tusb_fifo.c.obj
                0x1000820e                tu_fifo_write
 .text.tu_fifo_write_n
                0x1000827a        0xa CMakeFiles/ISM330DHCX_i2c.dir/C_/VSARM/sdk/pico/pico-sdk/lib/tinyusb/src/common/tusb_fifo.c.obj
                0x1000827a                tu_fifo_write_n
 .text.tu_fifo_clear
                0x10008284       0x4c CMakeFiles/ISM330DHCX_i2c.dir/C_/VSARM/sdk/pico/pico-sdk/lib/tinyusb/src/common/tusb_fifo.c.obj
                0x10008284                tu_fifo_clear
 .text.tu_fifo_set_overwritable
                0x100082d0       0x3c CMakeFiles/ISM330DHCX_i2c.dir/C_/VSARM/sdk/pico/pico-sdk/lib/tinyusb/src/common/tusb_fifo.c.obj
                0x100082d0                tu_fifo_set_overwritable
 .text._retrieve_unique_id_on_boot
                0x1000830c       0x10 CMakeFiles/ISM330DHCX_i2c.dir/C_/VSARM/sdk/pico/pico-sdk/src/rp2_common/pico_unique_id/unique_id.c.obj
 .text.pico_get_unique_board_id_string
                0x1000831c       0x60 CMakeFiles/ISM330DHCX_i2c.dir/C_/VSARM/sdk/pico/pico-sdk/src/rp2_common/pico_unique_id/unique_id.c.obj
                0x1000831c                pico_get_unique_board_id_string
 .text.flash_get_unique_id
                0x1000837c       0x46 CMakeFiles/ISM330DHCX_i2c.dir/C_/VSARM/sdk/pico/pico-sdk/src/rp2_common/hardware_flash/flash.c.obj
                0x1000837c                flash_get_unique_id
 .text.i2c_write_blocking_internal
                0x100083c2      0x140 CMakeFiles/ISM330DHCX_i2c.dir/C_/VSARM/sdk/pico/pico-sdk/src/rp2_common/hardware_i2c/i2c.c.obj
 .text.i2c_read_blocking_internal
                0x10008502       0xe6 CMakeFiles/ISM330DHCX_i2c.dir/C_/VSARM/sdk/pico/pico-sdk/src/rp2_common/hardware_i2c/i2c.c.obj
 .text.i2c_set_baudrate
                0x100085e8       0xf0 CMakeFiles/ISM330DHCX_i2c.dir/C_/VSARM/sdk/pico/pico-sdk/src/rp2_common/hardware_i2c/i2c.c.obj
                0x100085e8                i2c_set_baudrate
 .text.i2c_init
                0x100086d8       0x58 CMakeFiles/ISM330DHCX_i2c.dir/C_/VSARM/sdk/pico/pico-sdk/src/rp2_common/hardware_i2c/i2c.c.obj
                0x100086d8                i2c_init
 .text.i2c_write_blocking
                0x10008730       0x18 CMakeFiles/ISM330DHCX_i2c.dir/C_/VSARM/sdk/pico/pico-sdk/src/rp2_common/hardware_i2c/i2c.c.obj
                0x10008730                i2c_write_blocking
 .text.i2c_read_blocking
                0x10008748       0x18 CMakeFiles/ISM330DHCX_i2c.dir/C_/VSARM/sdk/pico/pico-sdk/src/rp2_common/hardware_i2c/i2c.c.obj
                0x10008748                i2c_read_blocking
 .text.strlen   0x10008760       0x5c c:/vsarm/armcc/102021~1.10/bin/../lib/gcc/arm-none-eabi/10.3.1/../../../../arm-none-eabi/lib/thumb/v6-m/nofp\libg.a(lib_a-strlen-stub.o)
                0x10008760                strlen
 *(.fini)
 .fini          0x100087bc        0x4 c:/vsarm/armcc/102021~1.10/bin/../lib/gcc/arm-none-eabi/10.3.1/thumb/v6-m/nofp/crti.o
                0x100087bc                _fini
 .fini.__stub   0x100087c0       0x70 linker stubs
 *crtbegin.o(.ctors)
 *crtbegin?.o(.ctors)
 *(EXCLUDE_FILE(*crtend.o *crtend?.o) .ctors)
 *(SORT_BY_NAME(.ctors.*))
 *(.ctors)
 *crtbegin.o(.dtors)
 *crtbegin?.o(.dtors)
 *(EXCLUDE_FILE(*crtend.o *crtend?.o) .dtors)
 *(SORT_BY_NAME(.dtors.*))
 *(.dtors)
 *(.eh_frame*)
 .eh_frame      0x10008830        0x0 c:/vsarm/armcc/102021~1.10/bin/../lib/gcc/arm-none-eabi/10.3.1/thumb/v6-m/nofp/crtbegin.o
                0x10008830                . = ALIGN (0x4)

.glue_7         0x10008830        0x0
 .glue_7        0x10008830        0x0 linker stubs

.glue_7t        0x10008830        0x0
 .glue_7t       0x10008830        0x0 linker stubs

.vfp11_veneer   0x10008830        0x0
 .vfp11_veneer  0x10008830        0x0 linker stubs

.v4_bx          0x10008830        0x0
 .v4_bx         0x10008830        0x0 linker stubs

.iplt           0x10008830        0x0
 .iplt          0x10008830        0x0 c:/vsarm/armcc/102021~1.10/bin/../lib/gcc/arm-none-eabi/10.3.1/thumb/v6-m/nofp/crtbegin.o

.rodata         0x10008830     0x170c
 *(EXCLUDE_FILE(*libm.a: *libc.a:*lib_a-mem*.o *libgcc.a:) .rodata*)
 .rodata.us_since_boot.str1.4
                0x10008830       0x61 CMakeFiles/ISM330DHCX_i2c.dir/main.c.obj
 *fill*         0x10008891        0x3 
 .rodata.setup.str1.4
                0x10008894       0x73 CMakeFiles/ISM330DHCX_i2c.dir/main.c.obj
 *fill*         0x10008907        0x1 
 .rodata.dump.str1.4
                0x10008908       0x6d CMakeFiles/ISM330DHCX_i2c.dir/main.c.obj
 *fill*         0x10008975        0x3 
 .rodata.__func__.0
                0x10008978       0x15 CMakeFiles/ISM330DHCX_i2c.dir/main.c.obj
 *fill*         0x1000898d        0x3 
 .rodata.spin_lock_claim_unused.str1.4
                0x10008990       0x1b CMakeFiles/ISM330DHCX_i2c.dir/C_/VSARM/sdk/pico/pico-sdk/src/rp2_common/hardware_sync/sync.c.obj
 *fill*         0x100089ab        0x1 
 .rodata.repeating_timer_callback.str1.4
                0x100089ac       0x4b CMakeFiles/ISM330DHCX_i2c.dir/C_/VSARM/sdk/pico/pico-sdk/src/common/pico_time/time.c.obj
 *fill*         0x100089f7        0x1 
 .rodata.alarm_pool_dump_key.str1.4
                0x100089f8       0x33 CMakeFiles/ISM330DHCX_i2c.dir/C_/VSARM/sdk/pico/pico-sdk/src/common/pico_time/time.c.obj
 *fill*         0x10008a2b        0x1 
 .rodata.ph_add_child_node.str1.4
                0x10008a2c       0x96 CMakeFiles/ISM330DHCX_i2c.dir/C_/VSARM/sdk/pico/pico-sdk/src/common/pico_time/time.c.obj
 *fill*         0x10008ac2        0x2 
 .rodata.add_alarm_under_lock.str1.4
                0x10008ac4       0x28 CMakeFiles/ISM330DHCX_i2c.dir/C_/VSARM/sdk/pico/pico-sdk/src/common/pico_time/time.c.obj
                                 0x2b (size before relaxing)
 .rodata.alarm_pool_alarm_callback.str1.4
                0x10008aec       0x82 CMakeFiles/ISM330DHCX_i2c.dir/C_/VSARM/sdk/pico/pico-sdk/src/common/pico_time/time.c.obj
                                 0xe6 (size before relaxing)
 *fill*         0x10008b6e        0x2 
 .rodata.alarm_pool_get_default.str1.4
                0x10008b70       0x21 CMakeFiles/ISM330DHCX_i2c.dir/C_/VSARM/sdk/pico/pico-sdk/src/common/pico_time/time.c.obj
 *fill*         0x10008b91        0x3 
 .rodata.alarm_pool_cancel_alarm.str1.4
                0x10008b94       0x27 CMakeFiles/ISM330DHCX_i2c.dir/C_/VSARM/sdk/pico/pico-sdk/src/common/pico_time/time.c.obj
 *fill*         0x10008bbb        0x1 
 .rodata.sleep_until.str1.4
                0x10008bbc       0x4d CMakeFiles/ISM330DHCX_i2c.dir/C_/VSARM/sdk/pico/pico-sdk/src/common/pico_time/time.c.obj
 *fill*         0x10008c09        0x3 
 .rodata.__func__.1
                0x10008c0c       0x18 CMakeFiles/ISM330DHCX_i2c.dir/C_/VSARM/sdk/pico/pico-sdk/src/common/pico_time/time.c.obj
 .rodata.__func__.10
                0x10008c24       0x15 CMakeFiles/ISM330DHCX_i2c.dir/C_/VSARM/sdk/pico/pico-sdk/src/common/pico_time/time.c.obj
 *fill*         0x10008c39        0x3 
 .rodata.__func__.11
                0x10008c3c       0x1a CMakeFiles/ISM330DHCX_i2c.dir/C_/VSARM/sdk/pico/pico-sdk/src/common/pico_time/time.c.obj
 *fill*         0x10008c56        0x2 
 .rodata.__func__.12
                0x10008c58        0xa CMakeFiles/ISM330DHCX_i2c.dir/C_/VSARM/sdk/pico/pico-sdk/src/common/pico_time/time.c.obj
 *fill*         0x10008c62        0x2 
 .rodata.__func__.3
                0x10008c64       0x17 CMakeFiles/ISM330DHCX_i2c.dir/C_/VSARM/sdk/pico/pico-sdk/src/common/pico_time/time.c.obj
 *fill*         0x10008c7b        0x1 
 .rodata.__func__.4
                0x10008c7c       0x12 CMakeFiles/ISM330DHCX_i2c.dir/C_/VSARM/sdk/pico/pico-sdk/src/common/pico_time/time.c.obj
 *fill*         0x10008c8e        0x2 
 .rodata.__func__.5
                0x10008c90        0xd CMakeFiles/ISM330DHCX_i2c.dir/C_/VSARM/sdk/pico/pico-sdk/src/common/pico_time/time.c.obj
 *fill*         0x10008c9d        0x3 
 .rodata.__func__.6
                0x10008ca0       0x12 CMakeFiles/ISM330DHCX_i2c.dir/C_/VSARM/sdk/pico/pico-sdk/src/common/pico_time/time.c.obj
 *fill*         0x10008cb2        0x2 
 .rodata.__func__.7
                0x10008cb4        0xf CMakeFiles/ISM330DHCX_i2c.dir/C_/VSARM/sdk/pico/pico-sdk/src/common/pico_time/time.c.obj
 *fill*         0x10008cc3        0x1 
 .rodata.__func__.8
                0x10008cc4        0xc CMakeFiles/ISM330DHCX_i2c.dir/C_/VSARM/sdk/pico/pico-sdk/src/common/pico_time/time.c.obj
 .rodata.__func__.9
                0x10008cd0       0x15 CMakeFiles/ISM330DHCX_i2c.dir/C_/VSARM/sdk/pico/pico-sdk/src/common/pico_time/time.c.obj
 *fill*         0x10008ce5        0x3 
 .rodata.hardware_alarm_claim.str1.4
                0x10008ce8       0x22 CMakeFiles/ISM330DHCX_i2c.dir/C_/VSARM/sdk/pico/pico-sdk/src/rp2_common/hardware_timer/timer.c.obj
 *fill*         0x10008d0a        0x2 
 .rodata.hardware_alarm_set_target.str1.4
                0x10008d0c       0x65 CMakeFiles/ISM330DHCX_i2c.dir/C_/VSARM/sdk/pico/pico-sdk/src/rp2_common/hardware_timer/timer.c.obj
 *fill*         0x10008d71        0x3 
 .rodata.__func__.0
                0x10008d74       0x1a CMakeFiles/ISM330DHCX_i2c.dir/C_/VSARM/sdk/pico/pico-sdk/src/rp2_common/hardware_timer/timer.c.obj
 *fill*         0x10008d8e        0x2 
 .rodata.str1.4
                0x10008d90       0x89 CMakeFiles/ISM330DHCX_i2c.dir/C_/VSARM/sdk/pico/pico-sdk/src/common/pico_sync/mutex.c.obj
                                 0xed (size before relaxing)
 *fill*         0x10008e19        0x3 
 .rodata.__func__.1
                0x10008e1c        0xb CMakeFiles/ISM330DHCX_i2c.dir/C_/VSARM/sdk/pico/pico-sdk/src/common/pico_sync/mutex.c.obj
 *fill*         0x10008e27        0x1 
 .rodata.__func__.3
                0x10008e28       0x18 CMakeFiles/ISM330DHCX_i2c.dir/C_/VSARM/sdk/pico/pico-sdk/src/common/pico_sync/mutex.c.obj
 .rodata.__func__.4
                0x10008e40       0x15 CMakeFiles/ISM330DHCX_i2c.dir/C_/VSARM/sdk/pico/pico-sdk/src/common/pico_sync/mutex.c.obj
 .rodata.ph_add_child_node.str1.4
                0x10008e55       0x96 CMakeFiles/ISM330DHCX_i2c.dir/C_/VSARM/sdk/pico/pico-sdk/src/common/pico_util/pheap.c.obj
 *fill*         0x10008e55        0x3 
 .rodata.ph_remove_any_head.str1.4
                0x10008e58       0x8c CMakeFiles/ISM330DHCX_i2c.dir/C_/VSARM/sdk/pico/pico-sdk/src/common/pico_util/pheap.c.obj
 .rodata.ph_remove_and_free_node.str1.4
                0x10008ee4       0x26 CMakeFiles/ISM330DHCX_i2c.dir/C_/VSARM/sdk/pico/pico-sdk/src/common/pico_util/pheap.c.obj
 *fill*         0x10008f0a        0x2 
 .rodata.__func__.0
                0x10008f0c       0x18 CMakeFiles/ISM330DHCX_i2c.dir/C_/VSARM/sdk/pico/pico-sdk/src/common/pico_util/pheap.c.obj
 .rodata.__func__.1
                0x10008f24       0x13 CMakeFiles/ISM330DHCX_i2c.dir/C_/VSARM/sdk/pico/pico-sdk/src/common/pico_util/pheap.c.obj
 *fill*         0x10008f37        0x1 
 .rodata.__func__.2
                0x10008f38       0x12 CMakeFiles/ISM330DHCX_i2c.dir/C_/VSARM/sdk/pico/pico-sdk/src/common/pico_util/pheap.c.obj
 *fill*         0x10008f4a        0x2 
 .rodata.__func__.3
                0x10008f4c        0xc CMakeFiles/ISM330DHCX_i2c.dir/C_/VSARM/sdk/pico/pico-sdk/src/common/pico_util/pheap.c.obj
 .rodata.__assert_func.str1.4
                0x10008f58       0x3f CMakeFiles/ISM330DHCX_i2c.dir/C_/VSARM/sdk/pico/pico-sdk/src/rp2_common/pico_runtime/runtime.c.obj
                                 0x43 (size before relaxing)
 *fill*         0x10008f97        0x1 
 .rodata.runtime_init.str1.4
                0x10008f98       0x61 CMakeFiles/ISM330DHCX_i2c.dir/C_/VSARM/sdk/pico/pico-sdk/src/rp2_common/pico_runtime/runtime.c.obj
 *fill*         0x10008ff9        0x3 
 .rodata.panic.str1.4
                0x10008ffc       0x12 CMakeFiles/ISM330DHCX_i2c.dir/C_/VSARM/sdk/pico/pico-sdk/src/rp2_common/pico_runtime/runtime.c.obj
 *fill*         0x1000900e        0x2 
 .rodata.__func__.1
                0x10009010        0xd CMakeFiles/ISM330DHCX_i2c.dir/C_/VSARM/sdk/pico/pico-sdk/src/rp2_common/pico_runtime/runtime.c.obj
 *fill*         0x1000901d        0x3 
 .rodata.clock_configure.str1.4
                0x10009020       0x57 CMakeFiles/ISM330DHCX_i2c.dir/C_/VSARM/sdk/pico/pico-sdk/src/rp2_common/hardware_clocks/clocks.c.obj
 *fill*         0x10009077        0x1 
 .rodata.__func__.1
                0x10009078       0x10 CMakeFiles/ISM330DHCX_i2c.dir/C_/VSARM/sdk/pico/pico-sdk/src/rp2_common/hardware_clocks/clocks.c.obj
 .rodata.make_branch.str1.4
                0x10009088       0x4d CMakeFiles/ISM330DHCX_i2c.dir/C_/VSARM/sdk/pico/pico-sdk/src/rp2_common/hardware_irq/irq.c.obj
 *fill*         0x100090d5        0x3 
 .rodata.irq_set_exclusive_handler.str1.4
                0x100090d8       0x36 CMakeFiles/ISM330DHCX_i2c.dir/C_/VSARM/sdk/pico/pico-sdk/src/rp2_common/hardware_irq/irq.c.obj
 *fill*         0x1000910e        0x2 
 .rodata.irq_add_shared_handler.str1.4
                0x10009110       0xd9 CMakeFiles/ISM330DHCX_i2c.dir/C_/VSARM/sdk/pico/pico-sdk/src/rp2_common/hardware_irq/irq.c.obj
 *fill*         0x100091e9        0x3 
 .rodata.irq_remove_handler.str1.4
                0x100091ec       0x2a CMakeFiles/ISM330DHCX_i2c.dir/C_/VSARM/sdk/pico/pico-sdk/src/rp2_common/hardware_irq/irq.c.obj
 *fill*         0x10009216        0x2 
 .rodata.irq_add_tail_to_free_list.str1.4
                0x10009218       0x32 CMakeFiles/ISM330DHCX_i2c.dir/C_/VSARM/sdk/pico/pico-sdk/src/rp2_common/hardware_irq/irq.c.obj
                                 0x3a (size before relaxing)
 *fill*         0x1000924a        0x2 
 .rodata.__func__.0
                0x1000924c       0x1a CMakeFiles/ISM330DHCX_i2c.dir/C_/VSARM/sdk/pico/pico-sdk/src/rp2_common/hardware_irq/irq.c.obj
 *fill*         0x10009266        0x2 
 .rodata.__func__.1
                0x10009268       0x17 CMakeFiles/ISM330DHCX_i2c.dir/C_/VSARM/sdk/pico/pico-sdk/src/rp2_common/hardware_irq/irq.c.obj
 *fill*         0x1000927f        0x1 
 .rodata.__func__.2
                0x10009280       0x13 CMakeFiles/ISM330DHCX_i2c.dir/C_/VSARM/sdk/pico/pico-sdk/src/rp2_common/hardware_irq/irq.c.obj
 *fill*         0x10009293        0x1 
 .rodata.__func__.3
                0x10009294        0xc CMakeFiles/ISM330DHCX_i2c.dir/C_/VSARM/sdk/pico/pico-sdk/src/rp2_common/hardware_irq/irq.c.obj
 .rodata.__func__.4
                0x100092a0        0xf CMakeFiles/ISM330DHCX_i2c.dir/C_/VSARM/sdk/pico/pico-sdk/src/rp2_common/hardware_irq/irq.c.obj
 *fill*         0x100092af        0x1 
 .rodata.__func__.6
                0x100092b0       0x1a CMakeFiles/ISM330DHCX_i2c.dir/C_/VSARM/sdk/pico/pico-sdk/src/rp2_common/hardware_irq/irq.c.obj
 *fill*         0x100092ca        0x2 
 .rodata.pll_init.str1.4
                0x100092cc       0xdb CMakeFiles/ISM330DHCX_i2c.dir/C_/VSARM/sdk/pico/pico-sdk/src/rp2_common/hardware_pll/pll.c.obj
 *fill*         0x100093a7        0x1 
 .rodata.__func__.0
                0x100093a8        0x9 CMakeFiles/ISM330DHCX_i2c.dir/C_/VSARM/sdk/pico/pico-sdk/src/rp2_common/hardware_pll/pll.c.obj
 *fill*         0x100093b1        0x3 
 .rodata._ftoa.str1.4
                0x100093b4       0x15 CMakeFiles/ISM330DHCX_i2c.dir/C_/VSARM/sdk/pico/pico-sdk/src/rp2_common/pico_printf/printf.c.obj
 *fill*         0x100093c9        0x3 
 .rodata._vsnprintf
                0x100093cc      0x1e0 CMakeFiles/ISM330DHCX_i2c.dir/C_/VSARM/sdk/pico/pico-sdk/src/rp2_common/pico_printf/printf.c.obj
 *fill*         0x100095ac        0x4 
 .rodata.pow10.0
                0x100095b0       0x50 CMakeFiles/ISM330DHCX_i2c.dir/C_/VSARM/sdk/pico/pico-sdk/src/rp2_common/pico_printf/printf.c.obj
 .rodata.__aeabi_double_init.str1.4
                0x10009600       0xa8 CMakeFiles/ISM330DHCX_i2c.dir/C_/VSARM/sdk/pico/pico-sdk/src/rp2_common/pico_double/double_init_rom.c.obj
 .rodata.__func__.0
                0x100096a8       0x14 CMakeFiles/ISM330DHCX_i2c.dir/C_/VSARM/sdk/pico/pico-sdk/src/rp2_common/pico_double/double_init_rom.c.obj
 .rodata.__aeabi_float_init.str1.4
                0x100096bc       0x7a CMakeFiles/ISM330DHCX_i2c.dir/C_/VSARM/sdk/pico/pico-sdk/src/rp2_common/pico_float/float_init_rom.c.obj
                                 0x7e (size before relaxing)
 *fill*         0x10009736        0x2 
 .rodata.__func__.0
                0x10009738       0x13 CMakeFiles/ISM330DHCX_i2c.dir/C_/VSARM/sdk/pico/pico-sdk/src/rp2_common/pico_float/float_init_rom.c.obj
 *fill*         0x1000974b        0x1 
 .rodata.str1.4
                0x1000974c       0x44 CMakeFiles/ISM330DHCX_i2c.dir/C_/VSARM/sdk/pico/pico-sdk/src/rp2_common/pico_standard_link/binary_info.c.obj
 .rodata.__bi_44
                0x10009790        0xc CMakeFiles/ISM330DHCX_i2c.dir/C_/VSARM/sdk/pico/pico-sdk/src/rp2_common/pico_standard_link/binary_info.c.obj
 .rodata.__bi_75
                0x1000979c        0xc CMakeFiles/ISM330DHCX_i2c.dir/C_/VSARM/sdk/pico/pico-sdk/src/rp2_common/pico_standard_link/binary_info.c.obj
 .rodata.__bi_81
                0x100097a8        0xc CMakeFiles/ISM330DHCX_i2c.dir/C_/VSARM/sdk/pico/pico-sdk/src/rp2_common/pico_standard_link/binary_info.c.obj
 .rodata.crlf_str.3
                0x100097b4        0x2 CMakeFiles/ISM330DHCX_i2c.dir/C_/VSARM/sdk/pico/pico-sdk/src/rp2_common/pico_stdio/stdio.c.obj
 *fill*         0x100097b6        0x2 
 .rodata._resetd_driver
                0x100097b8       0x18 CMakeFiles/ISM330DHCX_i2c.dir/C_/VSARM/sdk/pico/pico-sdk/src/rp2_common/pico_stdio_usb/reset_interface.c.obj
 .rodata.stdio_usb_init.str1.4
                0x100097d0       0x61 CMakeFiles/ISM330DHCX_i2c.dir/C_/VSARM/sdk/pico/pico-sdk/src/rp2_common/pico_stdio_usb/stdio_usb.c.obj
 .rodata.str1.4
                0x100097d0       0x13 CMakeFiles/ISM330DHCX_i2c.dir/C_/VSARM/sdk/pico/pico-sdk/src/rp2_common/pico_stdio_usb/stdio_usb.c.obj
 *fill*         0x100097e3        0x1 
 .rodata.__bi_93.1
                0x100097e4        0xc CMakeFiles/ISM330DHCX_i2c.dir/C_/VSARM/sdk/pico/pico-sdk/src/rp2_common/pico_stdio_usb/stdio_usb.c.obj
 .rodata.__func__.0
                0x100097f0       0x15 CMakeFiles/ISM330DHCX_i2c.dir/C_/VSARM/sdk/pico/pico-sdk/src/rp2_common/pico_stdio_usb/stdio_usb.c.obj
 *fill*         0x10009805        0x3 
 .rodata.str1.4
                0x10009808       0x2a CMakeFiles/ISM330DHCX_i2c.dir/C_/VSARM/sdk/pico/pico-sdk/src/rp2_common/pico_stdio_usb/stdio_usb_descriptors.c.obj
 *fill*         0x10009832        0x2 
 .rodata.usbd_desc_cfg
                0x10009834       0x54 CMakeFiles/ISM330DHCX_i2c.dir/C_/VSARM/sdk/pico/pico-sdk/src/rp2_common/pico_stdio_usb/stdio_usb_descriptors.c.obj
 .rodata.usbd_desc_device
                0x10009888       0x12 CMakeFiles/ISM330DHCX_i2c.dir/C_/VSARM/sdk/pico/pico-sdk/src/rp2_common/pico_stdio_usb/stdio_usb_descriptors.c.obj
 *fill*         0x1000989a        0x2 
 .rodata.usbd_desc_str
                0x1000989c       0x18 CMakeFiles/ISM330DHCX_i2c.dir/C_/VSARM/sdk/pico/pico-sdk/src/rp2_common/pico_stdio_usb/stdio_usb_descriptors.c.obj
 .rodata._hw_endpoint_alloc.str1.4
                0x100098b4       0xb5 CMakeFiles/ISM330DHCX_i2c.dir/C_/VSARM/sdk/pico/pico-sdk/lib/tinyusb/src/portable/raspberrypi/rp2040/dcd_rp2040.c.obj
 *fill*         0x10009969        0x3 
 .rodata.dcd_rp2040_irq.str1.4
                0x1000996c       0x14 CMakeFiles/ISM330DHCX_i2c.dir/C_/VSARM/sdk/pico/pico-sdk/lib/tinyusb/src/portable/raspberrypi/rp2040/dcd_rp2040.c.obj
 .rodata.dcd_int_enable.str1.4
                0x10009980        0xc CMakeFiles/ISM330DHCX_i2c.dir/C_/VSARM/sdk/pico/pico-sdk/lib/tinyusb/src/portable/raspberrypi/rp2040/dcd_rp2040.c.obj
 .rodata.__func__.0
                0x1000998c        0xe CMakeFiles/ISM330DHCX_i2c.dir/C_/VSARM/sdk/pico/pico-sdk/lib/tinyusb/src/portable/raspberrypi/rp2040/dcd_rp2040.c.obj
 *fill*         0x1000999a        0x2 
 .rodata.__func__.1
                0x1000999c        0xe CMakeFiles/ISM330DHCX_i2c.dir/C_/VSARM/sdk/pico/pico-sdk/lib/tinyusb/src/portable/raspberrypi/rp2040/dcd_rp2040.c.obj
 *fill*         0x100099aa        0x2 
 .rodata.__func__.3
                0x100099ac       0x10 CMakeFiles/ISM330DHCX_i2c.dir/C_/VSARM/sdk/pico/pico-sdk/lib/tinyusb/src/portable/raspberrypi/rp2040/dcd_rp2040.c.obj
 .rodata.__func__.5
                0x100099bc        0xf CMakeFiles/ISM330DHCX_i2c.dir/C_/VSARM/sdk/pico/pico-sdk/lib/tinyusb/src/portable/raspberrypi/rp2040/dcd_rp2040.c.obj
 *fill*         0x100099cb        0x1 
 .rodata.__func__.6
                0x100099cc       0x13 CMakeFiles/ISM330DHCX_i2c.dir/C_/VSARM/sdk/pico/pico-sdk/lib/tinyusb/src/portable/raspberrypi/rp2040/dcd_rp2040.c.obj
 *fill*         0x100099df        0x1 
 .rodata.__func__.7
                0x100099e0        0x9 CMakeFiles/ISM330DHCX_i2c.dir/C_/VSARM/sdk/pico/pico-sdk/lib/tinyusb/src/portable/raspberrypi/rp2040/dcd_rp2040.c.obj
 *fill*         0x100099e9        0x3 
 .rodata.sync_ep_buffer.str1.4
                0x100099ec       0x91 CMakeFiles/ISM330DHCX_i2c.dir/C_/VSARM/sdk/pico/pico-sdk/lib/tinyusb/src/portable/raspberrypi/rp2040/rp2040_usb.c.obj
 *fill*         0x10009a7d        0x3 
 .rodata._hw_endpoint_buffer_control_update32.str1.4
                0x10009a80       0x1f CMakeFiles/ISM330DHCX_i2c.dir/C_/VSARM/sdk/pico/pico-sdk/lib/tinyusb/src/portable/raspberrypi/rp2040/rp2040_usb.c.obj
 *fill*         0x10009a9f        0x1 
 .rodata.hw_endpoint_xfer_start.str1.4
                0x10009aa0       0x38 CMakeFiles/ISM330DHCX_i2c.dir/C_/VSARM/sdk/pico/pico-sdk/lib/tinyusb/src/portable/raspberrypi/rp2040/rp2040_usb.c.obj
 .rodata.hw_endpoint_xfer_continue.str1.4
                0x10009ad8       0x29 CMakeFiles/ISM330DHCX_i2c.dir/C_/VSARM/sdk/pico/pico-sdk/lib/tinyusb/src/portable/raspberrypi/rp2040/rp2040_usb.c.obj
 *fill*         0x10009b01        0x3 
 .rodata.str1.4
                0x10009b04        0x7 CMakeFiles/ISM330DHCX_i2c.dir/C_/VSARM/sdk/pico/pico-sdk/lib/tinyusb/src/portable/raspberrypi/rp2040/rp2040_usb.c.obj
 *fill*         0x10009b0b        0x1 
 .rodata.__func__.0
                0x10009b0c        0xf CMakeFiles/ISM330DHCX_i2c.dir/C_/VSARM/sdk/pico/pico-sdk/lib/tinyusb/src/portable/raspberrypi/rp2040/rp2040_usb.c.obj
 *fill*         0x10009b1b        0x1 
 .rodata.process_set_config.str1.4
                0x10009b1c       0x17 CMakeFiles/ISM330DHCX_i2c.dir/C_/VSARM/sdk/pico/pico-sdk/lib/tinyusb/src/device/usbd.c.obj
 *fill*         0x10009b33        0x1 
 .rodata.process_get_descriptor
                0x10009b34       0x40 CMakeFiles/ISM330DHCX_i2c.dir/C_/VSARM/sdk/pico/pico-sdk/lib/tinyusb/src/device/usbd.c.obj
 .rodata.process_control_request
                0x10009b74       0x28 CMakeFiles/ISM330DHCX_i2c.dir/C_/VSARM/sdk/pico/pico-sdk/lib/tinyusb/src/device/usbd.c.obj
 .rodata.tud_task
                0x10009b9c       0x24 CMakeFiles/ISM330DHCX_i2c.dir/C_/VSARM/sdk/pico/pico-sdk/lib/tinyusb/src/device/usbd.c.obj
 .rodata.__func__.2
                0x10009bc0        0xf CMakeFiles/ISM330DHCX_i2c.dir/C_/VSARM/sdk/pico/pico-sdk/lib/tinyusb/src/device/usbd.c.obj
 *fill*         0x10009bcf        0x1 
 .rodata.__func__.3
                0x10009bd0        0xf CMakeFiles/ISM330DHCX_i2c.dir/C_/VSARM/sdk/pico/pico-sdk/lib/tinyusb/src/device/usbd.c.obj
 *fill*         0x10009bdf        0x1 
 .rodata.__func__.4
                0x10009be0       0x14 CMakeFiles/ISM330DHCX_i2c.dir/C_/VSARM/sdk/pico/pico-sdk/lib/tinyusb/src/device/usbd.c.obj
 .rodata.__func__.5
                0x10009bf4       0x10 CMakeFiles/ISM330DHCX_i2c.dir/C_/VSARM/sdk/pico/pico-sdk/lib/tinyusb/src/device/usbd.c.obj
 .rodata.__func__.6
                0x10009c04       0x17 CMakeFiles/ISM330DHCX_i2c.dir/C_/VSARM/sdk/pico/pico-sdk/lib/tinyusb/src/device/usbd.c.obj
 *fill*         0x10009c1b        0x1 
 .rodata.__func__.7
                0x10009c1c       0x13 CMakeFiles/ISM330DHCX_i2c.dir/C_/VSARM/sdk/pico/pico-sdk/lib/tinyusb/src/device/usbd.c.obj
 *fill*         0x10009c2f        0x1 
 .rodata.__func__.8
                0x10009c30       0x18 CMakeFiles/ISM330DHCX_i2c.dir/C_/VSARM/sdk/pico/pico-sdk/lib/tinyusb/src/device/usbd.c.obj
 .rodata.__func__.9
                0x10009c48        0x9 CMakeFiles/ISM330DHCX_i2c.dir/C_/VSARM/sdk/pico/pico-sdk/lib/tinyusb/src/device/usbd.c.obj
 *fill*         0x10009c51        0x3 
 .rodata._usbd_driver
                0x10009c54       0x18 CMakeFiles/ISM330DHCX_i2c.dir/C_/VSARM/sdk/pico/pico-sdk/lib/tinyusb/src/device/usbd.c.obj
 .rodata.tud_control_xfer.str1.4
                0x10009c6c       0x17 CMakeFiles/ISM330DHCX_i2c.dir/C_/VSARM/sdk/pico/pico-sdk/lib/tinyusb/src/device/usbd_control.c.obj
 .rodata.__func__.0
                0x10009c6c       0x15 CMakeFiles/ISM330DHCX_i2c.dir/C_/VSARM/sdk/pico/pico-sdk/lib/tinyusb/src/device/usbd_control.c.obj
 *fill*         0x10009c81        0x3 
 .rodata.__func__.1
                0x10009c84       0x11 CMakeFiles/ISM330DHCX_i2c.dir/C_/VSARM/sdk/pico/pico-sdk/lib/tinyusb/src/device/usbd_control.c.obj
 .rodata.tud_cdc_n_write_flush.str1.4
                0x10009c95       0x17 CMakeFiles/ISM330DHCX_i2c.dir/C_/VSARM/sdk/pico/pico-sdk/lib/tinyusb/src/class/cdc/cdc_device.c.obj
 *fill*         0x10009c95        0x3 
 .rodata.__func__.0
                0x10009c98        0xd CMakeFiles/ISM330DHCX_i2c.dir/C_/VSARM/sdk/pico/pico-sdk/lib/tinyusb/src/class/cdc/cdc_device.c.obj
 *fill*         0x10009ca5        0x3 
 .rodata.__func__.1
                0x10009ca8        0xa CMakeFiles/ISM330DHCX_i2c.dir/C_/VSARM/sdk/pico/pico-sdk/lib/tinyusb/src/class/cdc/cdc_device.c.obj
 *fill*         0x10009cb2        0x2 
 .rodata.__func__.2
                0x10009cb4       0x16 CMakeFiles/ISM330DHCX_i2c.dir/C_/VSARM/sdk/pico/pico-sdk/lib/tinyusb/src/class/cdc/cdc_device.c.obj
 .rodata.tusb_init.str1.4
                0x10009cca       0x17 CMakeFiles/ISM330DHCX_i2c.dir/C_/VSARM/sdk/pico/pico-sdk/lib/tinyusb/src/tusb.c.obj
 *fill*         0x10009cca        0x2 
 .rodata.__func__.0
                0x10009ccc       0x11 CMakeFiles/ISM330DHCX_i2c.dir/C_/VSARM/sdk/pico/pico-sdk/lib/tinyusb/src/tusb.c.obj
 *fill*         0x10009cdd        0x3 
 .rodata.__func__.1
                0x10009ce0        0xa CMakeFiles/ISM330DHCX_i2c.dir/C_/VSARM/sdk/pico/pico-sdk/lib/tinyusb/src/tusb.c.obj
 *fill*         0x10009cea        0x2 
 .rodata.pico_get_unique_board_id_string.str1.4
                0x10009cec       0x4d CMakeFiles/ISM330DHCX_i2c.dir/C_/VSARM/sdk/pico/pico-sdk/src/rp2_common/pico_unique_id/unique_id.c.obj
 *fill*         0x10009d39        0x3 
 .rodata.__func__.0
                0x10009d3c       0x20 CMakeFiles/ISM330DHCX_i2c.dir/C_/VSARM/sdk/pico/pico-sdk/src/rp2_common/pico_unique_id/unique_id.c.obj
 .rodata.str1.4
                0x10009d5c      0x15a CMakeFiles/ISM330DHCX_i2c.dir/C_/VSARM/sdk/pico/pico-sdk/src/rp2_common/hardware_flash/flash.c.obj
 *fill*         0x10009eb6        0x2 
 .rodata.__func__.0
                0x10009eb8        0xd CMakeFiles/ISM330DHCX_i2c.dir/C_/VSARM/sdk/pico/pico-sdk/src/rp2_common/hardware_flash/flash.c.obj
 *fill*         0x10009ec5        0x3 
 .rodata.i2c_set_baudrate.str1.4
                0x10009ec8       0x5d CMakeFiles/ISM330DHCX_i2c.dir/C_/VSARM/sdk/pico/pico-sdk/src/rp2_common/hardware_i2c/i2c.c.obj
 *fill*         0x10009f25        0x3 
 .rodata.__func__.0
                0x10009f28       0x11 CMakeFiles/ISM330DHCX_i2c.dir/C_/VSARM/sdk/pico/pico-sdk/src/rp2_common/hardware_i2c/i2c.c.obj
                0x10009f3c                . = ALIGN (0x4)
 *fill*         0x10009f39        0x3 
 *(SORT_BY_ALIGNMENT(SORT_BY_NAME(.flashdata*)))
                0x10009f3c                . = ALIGN (0x4)

.rel.dyn        0x10009f3c        0x0
 .rel.iplt      0x10009f3c        0x0 c:/vsarm/armcc/102021~1.10/bin/../lib/gcc/arm-none-eabi/10.3.1/thumb/v6-m/nofp/crtbegin.o

.ARM.extab
 *(.ARM.extab* .gnu.linkonce.armextab.*)
                0x10009f3c                __exidx_start = .

.ARM.exidx
 *(.ARM.exidx* .gnu.linkonce.armexidx.*)
                0x10009f3c                __exidx_end = .
                0x10009f3c                . = ALIGN (0x4)
                0x10009f3c                __binary_info_start = .

.binary_info    0x10009f3c       0x20
 *(.binary_info.keep.*)
 .binary_info.keep.__bi_ptr22
                0x10009f3c        0x4 CMakeFiles/ISM330DHCX_i2c.dir/C_/VSARM/sdk/pico/pico-sdk/src/rp2_common/pico_standard_link/binary_info.c.obj
 .binary_info.keep.__bi_ptr30
                0x10009f40        0x4 CMakeFiles/ISM330DHCX_i2c.dir/C_/VSARM/sdk/pico/pico-sdk/src/rp2_common/pico_standard_link/binary_info.c.obj
 .binary_info.keep.__bi_ptr38
                0x10009f44        0x4 CMakeFiles/ISM330DHCX_i2c.dir/C_/VSARM/sdk/pico/pico-sdk/src/rp2_common/pico_standard_link/binary_info.c.obj
 .binary_info.keep.__bi_ptr44
                0x10009f48        0x4 CMakeFiles/ISM330DHCX_i2c.dir/C_/VSARM/sdk/pico/pico-sdk/src/rp2_common/pico_standard_link/binary_info.c.obj
 .binary_info.keep.__bi_ptr50
                0x10009f4c        0x4 CMakeFiles/ISM330DHCX_i2c.dir/C_/VSARM/sdk/pico/pico-sdk/src/rp2_common/pico_standard_link/binary_info.c.obj
 .binary_info.keep.__bi_ptr75
                0x10009f50        0x4 CMakeFiles/ISM330DHCX_i2c.dir/C_/VSARM/sdk/pico/pico-sdk/src/rp2_common/pico_standard_link/binary_info.c.obj
 .binary_info.keep.__bi_ptr81
                0x10009f54        0x4 CMakeFiles/ISM330DHCX_i2c.dir/C_/VSARM/sdk/pico/pico-sdk/src/rp2_common/pico_standard_link/binary_info.c.obj
 *(.binary_info.*)
 .binary_info.__bi_ptr93
                0x10009f58        0x4 CMakeFiles/ISM330DHCX_i2c.dir/C_/VSARM/sdk/pico/pico-sdk/src/rp2_common/pico_stdio_usb/stdio_usb.c.obj
                0x10009f5c                __binary_info_end = .
                0x10009f5c                . = ALIGN (0x4)
                0x10009f5c                __etext = .

.ram_vector_table
                0x20000000       0xc0
 *(.ram_vector_table)
 .ram_vector_table